Microchip MPLAB XC8 Compiler V2.05 ()

Linker command line:

-W-3 --edf=/Applications/microchip/xc8/v2.05/pic/dat/en_msgs.txt -cs \
  -h+dist/default/production/KaJUSBhub.X.production.sym \
  --cmf=dist/default/production/KaJUSBhub.X.production.cmf -z -Q18F4550 \
  -o/tmp/xcBAQpkat --defsym=__MPLAB_BUILD=1 \
  -Mdist/default/production/KaJUSBhub.X.production.map -E1 -ver=XC8 \
  -ASTACK=0182h-03FFh -pstack=STACK -ACODE=00h-07FFFh -ACONST=00h-07FFFh \
  -ASMALLCONST=0800h-08FFhx120 -AMEDIUMCONST=0800h-07FFFh -ACOMRAM=01h-05Fh \
  -AABS1=00h-07FFh -ABIGRAM=01h-07FFh -ARAM=060h-0FFh,0100h-01FFhx7 \
  -ABANK0=060h-0FFh -ABANK1=0100h-01FFh -ABANK2=0200h-02FFh \
  -ABANK3=0300h-03FFh -ABANK4=0400h-04FFh -ABANK5=0500h-05FFh \
  -ABANK6=0600h-06FFh -ABANK7=0700h-07FFh -ASFR=0F60h-0FFFh \
  -preset_vec=00h,intcode,intcodelo,powerup,init -pramtop=0800h \
  -psmallconst=SMALLCONST -pmediumconst=MEDIUMCONST -pconst=CONST \
  -AFARRAM=00h-00h -ACONFIG=0300000h-030000Dh -pconfig=CONFIG \
  -AIDLOC=0200000h-0200007h -pidloc=IDLOC -AEEDATA=0F00000h-0F000FFh \
  -peeprom_data=EEDATA \
  -prdata=COMRAM,nvrram=COMRAM,nvbit=COMRAM,rbss=COMRAM,rbit=COMRAM \
  -pfarbss=FARRAM,fardata=FARRAM,nvFARRAM=FARRAM \
  -pintsave_regs=BIGRAM,bigbss=BIGRAM,bigdata=BIGRAM -pbss=RAM \
  -pidata=CODE,irdata=CODE,ibigdata=CODE,ifardata=CODE -prparam=COMRAM \
  /tmp/xcDXFPyGG.o dist/default/production/KaJUSBhub.X.production.o 

Object code version is 3.11

Machine type is 18F4550

Call graph: (short form)




                Name                               Link     Load   Length Selector   Space Scale
/tmp/xcDXFPyGG.o
                init                                  0        0        4        0       0
                idloc                            200000   200000        8   200000       0
                config                           300000   300000        E   300000       0
dist/default/production/KaJUSBhub.X.production.o
                mediumconst                        7DC2     7DC2      23E     3EE1       0
                text39                             763A     763A      100     3B1D       0
                text38                             68AE     68AE       30     3457       0
                text37                             6CA0     6CA0       8A     3650       0
                text36                             7464     7464       E6     3A32       0
                text35                             69C8     69C8       50     34E4       0
                text34                             754A     754A       F0     3AA5       0
                text33                             7382     7382       E2     39C1       0
                text32                             6E42     6E42       90     3721       0
                text31                             70EC     70EC       DC     3876       0
                text30                             71C8     71C8       DC     38E4       0
                text29                             72A4     72A4       DE     3952       0
                text28                             694C     694C       3E     34A6       0
                text27                             67F6     67F6        2     33FB       0
                text26                             6D2A     6D2A       8A     3695       0
                text25                             6914     6914       38     348A       0
                text24                             6ED2     6ED2       9C     3769       0
                text23                             698A     698A       3E     34C5       0
                text22                             67F8     67F8        2     33FC       0
                text21                             67FA     67FA        2     33FD       0
                text20                             67FC     67FC        2     33FE       0
                text19                             67FE     67FE        2     33FF       0
                text18                             6B98     6B98       80     35CC       0
                text17                             6854     6854       2C     342A       0
                text16                             6B2C     6B2C       6C     3596       0
                text15                             7028     7028       C4     3814       0
                text14                             7C22     7C22      1A0     3E11       0
                text13                             6A18     6A18       52     350C       0
                text12                             6F6E     6F6E       BA     37B7       0
                text11                             6DB4     6DB4       8E     36DA       0
                text10                             68DE     68DE       36     346F       0
                text9                              6806     6806       24     3403       0
                text8                              682A     682A       2A     3415       0
                text7                              784C     784C      12C     3C26       0
                text6                              773A     773A      112     3B9D       0
                text5                              6A6A     6A6A       58     3535       0
                text4                              6800     6800        6     3400       0
                text3                              6C18     6C18       88     360C       0
                text2                              7AC2     7AC2      160     3D61       0
                text1                              7978     7978      14A     3CBC       0
                text0                              6AC2     6AC2       6A     3561       0
                cstackCOMRAM                         42       42       1D        1       1
                bssBANK1                            100      100       82      100       1
                bssBANK0                             60       60       7A       60       1
                bssCOMRAM                             1        1       41        1       1
                cinit                              6880     6880       2E     3440       0

TOTAL           Name                               Link     Load   Length     Space
        CLASS   STACK          

        CLASS   CODE           
                init                                  0        0        4         0
                text39                             763A     763A      100         0
                text38                             68AE     68AE       30         0
                text37                             6CA0     6CA0       8A         0
                text36                             7464     7464       E6         0
                text35                             69C8     69C8       50         0
                text34                             754A     754A       F0         0
                text33                             7382     7382       E2         0
                text32                             6E42     6E42       90         0
                text31                             70EC     70EC       DC         0
                text30                             71C8     71C8       DC         0
                text29                             72A4     72A4       DE         0
                text28                             694C     694C       3E         0
                text27                             67F6     67F6        2         0
                text26                             6D2A     6D2A       8A         0
                text25                             6914     6914       38         0
                text24                             6ED2     6ED2       9C         0
                text23                             698A     698A       3E         0
                text22                             67F8     67F8        2         0
                text21                             67FA     67FA        2         0
                text20                             67FC     67FC        2         0
                text19                             67FE     67FE        2         0
                text18                             6B98     6B98       80         0
                text17                             6854     6854       2C         0
                text16                             6B2C     6B2C       6C         0
                text15                             7028     7028       C4         0
                text14                             7C22     7C22      1A0         0
                text13                             6A18     6A18       52         0
                text12                             6F6E     6F6E       BA         0
                text11                             6DB4     6DB4       8E         0
                text10                             68DE     68DE       36         0
                text9                              6806     6806       24         0
                text8                              682A     682A       2A         0
                text7                              784C     784C      12C         0
                text6                              773A     773A      112         0
                text5                              6A6A     6A6A       58         0
                text4                              6800     6800        6         0
                text3                              6C18     6C18       88         0
                text2                              7AC2     7AC2      160         0
                text1                              7978     7978      14A         0
                text0                              6AC2     6AC2       6A         0
                cinit                              6880     6880       2E         0

        CLASS   CONST          

        CLASS   SMALLCONST     

        CLASS   MEDIUMCONST    
                mediumconst                        7DC2     7DC2      23E         0

        CLASS   COMRAM         
                cstackCOMRAM                         42       42       1D         1
                bssCOMRAM                             1        1       41         1

        CLASS   ABS1           
                abs_s1                              400      400       40         1
                abs_s1                              500      500        8         1
                abs_s1                              520      520        8         1
                abs_s1                              530      530      100         1
                abs_s1                              613      613        7         1
                abs_s1                              656      656        7         1
                abs_s1                              67A      67A        9         1

        CLASS   BIGRAM         

        CLASS   RAM            

        CLASS   BANK0          
                bssBANK0                             60       60       7A         1

        CLASS   BANK1          
                bssBANK1                            100      100       82         1

        CLASS   BANK2          

        CLASS   BANK3          

        CLASS   BANK4          

        CLASS   BANK5          

        CLASS   BANK6          

        CLASS   BANK7          

        CLASS   SFR            

        CLASS   FARRAM         

        CLASS   CONFIG         
                config                           300000   300000        E         0

        CLASS   IDLOC          
                idloc                            200000   200000        8         0

        CLASS   EEDATA         



SEGMENTS        Name                           Load    Length   Top    Selector   Space  Class

                text37                         006CA0  00008A  006D2A      3650       0  CODE    
                text3                          006C18  000088  006CA0      360C       0  CODE    
                text11                         006DB4  00008E  006E42      36DA       0  CODE    
                text26                         006D2A  00008A  006DB4      3695       0  CODE    
                text0                          006AC2  00006A  006B2C      3561       0  CODE    
                text5                          006A6A  000058  006AC2      3535       0  CODE    
                text18                         006B98  000080  006C18      35CC       0  CODE    
                text16                         006B2C  00006C  006B98      3596       0  CODE    
                text32                         006E42  000090  006ED2      3721       0  CODE    
                text29                         0072A4  0000DE  007382      3952       0  CODE    
                text30                         0071C8  0000DC  0072A4      38E4       0  CODE    
                text36                         007464  0000E6  00754A      3A32       0  CODE    
                text33                         007382  0000E2  007464      39C1       0  CODE    
                text12                         006F6E  0000BA  007028      37B7       0  CODE    
                text24                         006ED2  00009C  006F6E      3769       0  CODE    
                text31                         0070EC  0000DC  0071C8      3876       0  CODE    
                text15                         007028  0000C4  0070EC      3814       0  CODE    
                text4                          006800  000006  006806      3400       0  CODE    
                text19                         0067FE  000002  006800      33FF       0  CODE    
                text8                          00682A  00002A  006854      3415       0  CODE    
                text9                          006806  000024  00682A      3403       0  CODE    
                text22                         0067F8  000002  0067FA      33FC       0  CODE    
                text27                         0067F6  000002  0067F8      33FB       0  CODE    
                text20                         0067FC  000002  0067FE      33FE       0  CODE    
                text21                         0067FA  000002  0067FC      33FD       0  CODE    
                text17                         006854  00002C  006880      342A       0  CODE    
                text23                         00698A  00003E  0069C8      34C5       0  CODE    
                text28                         00694C  00003E  00698A      34A6       0  CODE    
                text13                         006A18  000052  006A6A      350C       0  CODE    
                text35                         0069C8  000050  006A18      34E4       0  CODE    
                text38                         0068AE  000030  0068DE      3457       0  CODE    
                cinit                          006880  00002E  0068AE      3440       0  CODE    
                text25                         006914  000038  00694C      348A       0  CODE    
                text10                         0068DE  000036  006914      346F       0  CODE    
                bssCOMRAM                      000001  00005E  00005F         1       1  COMRAM  
                reset_vec                      000000  000004  000004         0       0  CODE    
                bssBANK0                       000060  00007A  0000DA        60       1  BANK0   
                idloc                          200000  000008  200008    200000       0  IDLOC   
                mediumconst                    007DC2  00023E  008000      3EE1       0  MEDIUMCO
                config                         300000  00000E  30000E    300000       0  CONFIG  
                text6                          00773A  000112  00784C      3B9D       0  CODE    
                text7                          00784C  00012C  007978      3C26       0  CODE    
                text39                         00763A  000100  00773A      3B1D       0  CODE    
                text1                          007978  00014A  007AC2      3CBC       0  CODE    
                text34                         00754A  0000F0  00763A      3AA5       0  CODE    
                bssBANK1                       000100  000082  000182       100       1  BANK1   
                text2                          007AC2  000160  007C22      3D61       0  CODE    
                text14                         007C22  0001A0  007DC2      3E11       0  CODE    


UNUSED ADDRESS RANGES

        Name                Unused          Largest block    Delta
        BANK0            0000DA-0000FF               26
        BANK1            000182-0001FF               7E
        BANK2            000200-0002FF              100
        BANK3            000300-0003FF              100
        BANK4            000440-0004FF               C0
        BANK5            000508-00051F               18
                         000528-00052F                8
        BANK6            000630-000655               26
                         00065D-000679               1D
                         000683-0006FF               7D
        BANK7            000700-0007FF              100
        BIGRAM           00005F-00005F                1
                         0000DA-0000FF               26
                         000182-0003FF              27E
                         000440-0004FF               C0
                         000508-00051F               18
                         000528-00052F                8
                         000630-000655               26
                         00065D-000679               1D
                         000683-0007FF              17D
        CODE             000004-0067F5             67F2
        COMRAM           00005F-00005F                1
        CONST            000004-0067F5             67F2
        EEDATA           F00000-F000FF              100
        MEDIUMCONST      000800-0067F5             5FF6
        RAM              0000DA-0000FF               26
                         000182-0003FF              100
                         000440-0004FF               C0
                         000508-00051F               18
                         000528-00052F                8
                         000630-000655               26
                         00065D-000679               1D
                         000683-0007FF               7D
        SFR              000F60-000FFF               A0
        SMALLCONST       000800-0067F5              100
        STACK            000182-0003FF              27E

                                  Symbol Table

?_USBTransferOnePacket                    cstackCOMRAM 000042
USBCBSendResume@delay_count               bssBANK0     0000D0
USBConfigureEndpoint@EPNum                cstackCOMRAM 000046
USBConfigureEndpoint@direction            cstackCOMRAM 000042
USBConfigureEndpoint@handle               cstackCOMRAM 000047
USBConfigureEndpoint@workaround           cstackCOMRAM 000045
USBCtrlEPService@setup_cnt                cstackCOMRAM 000057
USBCtrlTrfInHandler@lastDTS               cstackCOMRAM 000044
USBCtrlTrfRxService@byteToRead            cstackCOMRAM 000043
USBCtrlTrfRxService@i                     cstackCOMRAM 000042
USBCtrlTrfTxService@byteToSend            cstackCOMRAM 000042
USBDeviceInit@i                           cstackCOMRAM 00004A
USBDeviceTasks@i                          cstackCOMRAM 000059
USBEnableEndpoint@ep                      cstackCOMRAM 00004C
USBEnableEndpoint@options                 cstackCOMRAM 000049
USBEnableEndpoint@p                       cstackCOMRAM 00004A
USBPrepareForNextSetupTrf@p               cstackCOMRAM 000042
USBStdFeatureReqHandler@p                 cstackCOMRAM 000046
USBStdFeatureReqHandler@pUEP              cstackCOMRAM 000044
USBStdGetStatusHandler@p                  cstackCOMRAM 000043
USBTransferOnePacket@data                 cstackCOMRAM 000043
USBTransferOnePacket@dir                  cstackCOMRAM 000042
USBTransferOnePacket@ep                   cstackCOMRAM 000046
USBTransferOnePacket@handle               cstackCOMRAM 000047
USBTransferOnePacket@len                  cstackCOMRAM 000045
USER_USB_CALLBACK_EVENT_HANDLER@event     cstackCOMRAM 00004D
USER_USB_CALLBACK_EVENT_HANDLER@pdata     cstackCOMRAM 00004F
USER_USB_CALLBACK_EVENT_HANDLER@size      cstackCOMRAM 000051
_ADCON0                                   (abs)        000FC2
_ADCON1                                   (abs)        000FC1
_ADCON2                                   (abs)        000FC0
_ADRESH                                   (abs)        000FC4
_ADRESL                                   (abs)        000FC3
_BDT                                      (abs)        000400
_BothEP0OutUOWNsSet                       bssCOMRAM    000034
_CtrlTrfData                              (abs)        000520
_GODONE                                   (abs)        007E11
_Keyboard_out                             bssCOMRAM    000033
_OutBuffer                                bssBANK0     0000AA
_PIR2bits                                 (abs)        000FA1
_PKTDIS                                   (abs)        007B6C
_PORTA                                    (abs)        000F80
_PORTB                                    (abs)        000F81
_PORTC                                    (abs)        000F82
_PORTD                                    (abs)        000F83
_PORTE                                    (abs)        000F84
_RA4                                      (abs)        007C04
_RA5                                      (abs)        007C05
_RB0                                      (abs)        007C08
_RB1                                      (abs)        007C09
_RB2                                      (abs)        007C0A
_RB3                                      (abs)        007C0B
_RB4                                      (abs)        007C0C
_RB5                                      (abs)        007C0D
_RB6                                      (abs)        007C0E
_RB7                                      (abs)        007C0F
_RBPU                                     (abs)        007F8F
_RC0                                      (abs)        007C10
_RC1                                      (abs)        007C11
_RC2                                      (abs)        007C12
_RESUME                                   (abs)        007B6A
_RemoteWakeup                             bssCOMRAM    000035
_SE0                                      (abs)        007B6D
_SUSPND                                   (abs)        007B69
_SetupPkt                                 (abs)        000500
_TRISA                                    (abs)        000F92
_TRISA4                                   (abs)        007C94
_TRISA5                                   (abs)        007C95
_TRISB                                    (abs)        000F93
_TRISC                                    (abs)        000F94
_TRISD                                    (abs)        000F95
_TRISD0                                   (abs)        007CA8
_TRISD1                                   (abs)        007CA9
_TRISD2                                   (abs)        007CAA
_TRISD3                                   (abs)        007CAB
_TRISD4                                   (abs)        007CAC
_TRISD5                                   (abs)        007CAD
_TRISD6                                   (abs)        007CAE
_TRISD7                                   (abs)        007CAF
_TRISE                                    (abs)        000F96
_UADDR                                    (abs)        000F6E
_UCFG                                     (abs)        000F6F
_UCON                                     (abs)        000F6D
_UCONbits                                 (abs)        000F6D
_UEIE                                     (abs)        000F6B
_UEIR                                     (abs)        000F6A
_UEP0                                     (abs)        000F70
_UEP0bits                                 (abs)        000F70
_UEP1                                     (abs)        000F71
_UIE                                      (abs)        000F69
_UIEbits                                  (abs)        000F69
_UIR                                      (abs)        000F68
_UIRbits                                  (abs)        000F68
_USBActiveConfiguration                   bssCOMRAM    000041
_USBAlternateInterface                    bssCOMRAM    00003C
_USBCBCheckOtherReq                       text28       00694C
_USBCBErrorHandler                        text27       0067F6
_USBCBInitEP                              text23       00698A
_USBCBStdSetDscHandler                    text22       0067F8
_USBCBSuspend                             text21       0067FA
_USBCBWakeFromSuspend                     text20       0067FC
_USBCB_SOF_Handler                        text19       0067FE
_USBCheckHIDRequest_j1                    text31       0070EC
_USBCheckHIDRequest_j2                    text30       0071C8
_USBCheckHIDRequest_k1                    text29       0072A4
_USBCheckStdRequest                       text15       007028
_USBConfigureEndpoint                     text26       006D2A
_USBCtrlEPService                         text12       006F6E
_USBCtrlEPServiceComplete                 text14       007C22
_USBCtrlTrfInHandler                      text37       006CA0
_USBCtrlTrfOutHandler                     text35       0069C8
_USBCtrlTrfRxService                      text36       007464
_USBCtrlTrfSetupHandler                   text13       006A18
_USBCtrlTrfTxService                      text39       00763A
_USBDeviceInit                            text11       006DB4
_USBDeviceState                           bssCOMRAM    000038
_USBDeviceTasks                           text7        00784C
_USBEnableEndpoint                        text25       006914
_USBInData                                bssBANK0     0000A1
_USBInMaxPacketSize                       bssBANK0     0000CA
_USBPrepareForNextSetupTrf                text38       0068AE
_USBStallHandler                          text10       0068DE
_USBStdFeatureReqHandler                  text34       00754A
_USBStdGetDscHandler                      text33       007382
_USBStdGetStatusHandler                   text32       006E42
_USBStdSetCfgHandler                      text16       006B2C
_USBSuspend                               text9        006806
_USBTransferOnePacket                     text24       006ED2
_USBWakeFromSuspend                       text8        00682A
_USB_CD_Ptr                               mediumconst  007E10
_USB_SD_Ptr                               mediumconst  007E04
_USER_USB_CALLBACK_EVENT_HANDLER          text18       006B98
_USTAT                                    (abs)        000F6C
_USTATcopy                                bssCOMRAM    00003B
__CFG_FOSC$HSPLL_HS                       (abs)        000000
__CFG_LVP$OFF                             (abs)        000000
__CFG_PBADEN$OFF                          (abs)        000000
__CFG_PLLDIV$5                            (abs)        000000
__CFG_USBDIV$2                            (abs)        000000
__CFG_VREGEN$ON                           (abs)        000000
__CFG_WDT$OFF                             (abs)        000000
__HRAM                                    (abs)        000000
__Habs1                                   abs1         000000
__Hbank0                                  bank0        000000
__Hbank1                                  bank1        000000
__Hbank2                                  bank2        000000
__Hbank3                                  bank3        000000
__Hbank4                                  bank4        000000
__Hbank5                                  bank5        000000
__Hbank6                                  bank6        000000
__Hbank7                                  bank7        000000
__Hbigbss                                 bigbss       000000
__Hbigdata                                bigdata      000000
__Hbigram                                 bigram       000000
__Hbss                                    bss          000000
__HbssBANK0                               bssBANK0     000000
__HbssBANK1                               bssBANK1     000000
__HbssCOMRAM                              bssCOMRAM    000000
__Hcinit                                  cinit        000000
__Hclrtext                                clrtext      000000
__Hcomram                                 comram       000000
__Hconfig                                 config       30000E
__Hconst                                  const        000000
__HcstackCOMRAM                           cstackCOMRAM 000000
__Hdata                                   data         000000
__Heeprom_data                            eeprom_data  000000
__Hfarbss                                 farbss       000000
__Hfardata                                fardata      000000
__Hibigdata                               ibigdata     000000
__Hidata                                  idata        000000
__Hidloc                                  idloc        200008
__Hifardata                               ifardata     000000
__Hinit                                   init         000004
__Hintcode                                intcode      000000
__Hintcode_body                           intcode_body 000000
__Hintcodelo                              intcodelo    000000
__Hintentry                               intentry     000000
__Hintret                                 intret       000000
__Hintsave_regs                           intsave_regs 000000
__Hirdata                                 irdata       000000
__Hmediumconst                            mediumconst  008000
__HnvFARRAM                               nvFARRAM     000000
__Hnvbit                                  nvbit        000000
__Hnvrram                                 nvrram       000000
__Hparam                                  rparam       000000
__Hpowerup                                powerup      000000
__Hram                                    ram          000000
__Hramtop                                 ramtop       000800
__Hrbit                                   rbit         000000
__Hrbss                                   rbss         000000
__Hrdata                                  rdata        000000
__Hreset_vec                              reset_vec    000000
__Hrparam                                 rparam       000000
__Hsfr                                    sfr          000000
__Hsmallconst                             smallconst   000000
__Hspace_0                                (abs)        30000E
__Hspace_1                                (abs)        000182
__Hspace_2                                (abs)        000000
__Hstack                                  stack        000000
__Hstruct                                 struct       000000
__Htemp                                   temp         000000
__Htext                                   text         000000
__Htext0                                  text0        000000
__Htext1                                  text1        000000
__Htext10                                 text10       000000
__Htext11                                 text11       000000
__Htext12                                 text12       000000
__Htext13                                 text13       000000
__Htext14                                 text14       000000
__Htext15                                 text15       000000
__Htext16                                 text16       000000
__Htext17                                 text17       000000
__Htext18                                 text18       000000
__Htext19                                 text19       000000
__Htext2                                  text2        000000
__Htext20                                 text20       000000
__Htext21                                 text21       000000
__Htext22                                 text22       000000
__Htext23                                 text23       000000
__Htext24                                 text24       000000
__Htext25                                 text25       000000
__Htext26                                 text26       000000
__Htext27                                 text27       000000
__Htext28                                 text28       000000
__Htext29                                 text29       000000
__Htext3                                  text3        000000
__Htext30                                 text30       000000
__Htext31                                 text31       000000
__Htext32                                 text32       000000
__Htext33                                 text33       000000
__Htext34                                 text34       000000
__Htext35                                 text35       000000
__Htext36                                 text36       000000
__Htext37                                 text37       000000
__Htext38                                 text38       000000
__Htext39                                 text39       000000
__Htext4                                  text4        000000
__Htext5                                  text5        000000
__Htext6                                  text6        000000
__Htext7                                  text7        000000
__Htext8                                  text8        000000
__Htext9                                  text9        000000
__LRAM                                    (abs)        000001
__Labs1                                   abs1         000000
__Lbank0                                  bank0        000000
__Lbank1                                  bank1        000000
__Lbank2                                  bank2        000000
__Lbank3                                  bank3        000000
__Lbank4                                  bank4        000000
__Lbank5                                  bank5        000000
__Lbank6                                  bank6        000000
__Lbank7                                  bank7        000000
__Lbigbss                                 bigbss       000000
__Lbigdata                                bigdata      000000
__Lbigram                                 bigram       000000
__Lbss                                    bss          000000
__LbssBANK0                               bssBANK0     000000
__LbssBANK1                               bssBANK1     000000
__LbssCOMRAM                              bssCOMRAM    000000
__Lcinit                                  cinit        000000
__Lclrtext                                clrtext      000000
__Lcomram                                 comram       000000
__Lconfig                                 config       300000
__Lconst                                  const        000000
__LcstackCOMRAM                           cstackCOMRAM 000000
__Ldata                                   data         000000
__Leeprom_data                            eeprom_data  000000
__Lfarbss                                 farbss       000000
__Lfardata                                fardata      000000
__Libigdata                               ibigdata     000000
__Lidata                                  idata        000000
__Lidloc                                  idloc        200000
__Lifardata                               ifardata     000000
__Linit                                   init         000000
__Lintcode                                intcode      000000
__Lintcode_body                           intcode_body 000000
__Lintcodelo                              intcodelo    000000
__Lintentry                               intentry     000000
__Lintret                                 intret       000000
__Lintsave_regs                           intsave_regs 000000
__Lirdata                                 irdata       000000
__Lmediumconst                            mediumconst  007DC2
__LnvFARRAM                               nvFARRAM     000000
__Lnvbit                                  nvbit        000000
__Lnvrram                                 nvrram       000000
__Lparam                                  rparam       000000
__Lpowerup                                powerup      000000
__Lram                                    ram          000000
__Lramtop                                 ramtop       000800
__Lrbit                                   rbit         000000
__Lrbss                                   rbss         000000
__Lrdata                                  rdata        000000
__Lreset_vec                              reset_vec    000000
__Lrparam                                 rparam       000000
__Lsfr                                    sfr          000000
__Lsmallconst                             smallconst   000000
__Lspace_0                                (abs)        000000
__Lspace_1                                (abs)        000000
__Lspace_2                                (abs)        000000
__Lstack                                  stack        000000
__Lstruct                                 struct       000000
__Ltemp                                   temp         000000
__Ltext                                   text         000000
__Ltext0                                  text0        000000
__Ltext1                                  text1        000000
__Ltext10                                 text10       000000
__Ltext11                                 text11       000000
__Ltext12                                 text12       000000
__Ltext13                                 text13       000000
__Ltext14                                 text14       000000
__Ltext15                                 text15       000000
__Ltext16                                 text16       000000
__Ltext17                                 text17       000000
__Ltext18                                 text18       000000
__Ltext19                                 text19       000000
__Ltext2                                  text2        000000
__Ltext20                                 text20       000000
__Ltext21                                 text21       000000
__Ltext22                                 text22       000000
__Ltext23                                 text23       000000
__Ltext24                                 text24       000000
__Ltext25                                 text25       000000
__Ltext26                                 text26       000000
__Ltext27                                 text27       000000
__Ltext28                                 text28       000000
__Ltext29                                 text29       000000
__Ltext3                                  text3        000000
__Ltext30                                 text30       000000
__Ltext31                                 text31       000000
__Ltext32                                 text32       000000
__Ltext33                                 text33       000000
__Ltext34                                 text34       000000
__Ltext35                                 text35       000000
__Ltext36                                 text36       000000
__Ltext37                                 text37       000000
__Ltext38                                 text38       000000
__Ltext39                                 text39       000000
__Ltext4                                  text4        000000
__Ltext5                                  text5        000000
__Ltext6                                  text6        000000
__Ltext7                                  text7        000000
__Ltext8                                  text8        000000
__Ltext9                                  text9        000000
__S0                                      (abs)        30000E
__S1                                      (abs)        000182
__S2                                      (abs)        000000
___inthi_sp                               stack        000000
___intlo_sp                               stack        000000
___param_bank                             (abs)        000000
___rparam_used                            (abs)        000001
___sp                                     stack        000000
__accesstop                               (abs)        000060
__activetblptr                            (abs)        000002
__end_of_USBCBCheckOtherReq               text28       00698A
__end_of_USBCBErrorHandler                text27       0067F8
__end_of_USBCBInitEP                      text23       0069C8
__end_of_USBCBStdSetDscHandler            text22       0067FA
__end_of_USBCBSuspend                     text21       0067FC
__end_of_USBCBWakeFromSuspend             text20       0067FE
__end_of_USBCB_SOF_Handler                text19       006800
__end_of_USBCheckHIDRequest_j1            text31       0071C8
__end_of_USBCheckHIDRequest_j2            text30       0072A4
__end_of_USBCheckHIDRequest_k1            text29       007382
__end_of_USBCheckStdRequest               text15       0070EC
__end_of_USBConfigureEndpoint             text26       006DB4
__end_of_USBCtrlEPService                 text12       007028
__end_of_USBCtrlEPServiceComplete         text14       007DC2
__end_of_USBCtrlTrfInHandler              text37       006D2A
__end_of_USBCtrlTrfOutHandler             text35       006A18
__end_of_USBCtrlTrfRxService              text36       00754A
__end_of_USBCtrlTrfSetupHandler           text13       006A6A
__end_of_USBCtrlTrfTxService              text39       00773A
__end_of_USBDeviceInit                    text11       006E42
__end_of_USBDeviceTasks                   text7        007978
__end_of_USBEnableEndpoint                text25       00694C
__end_of_USBPrepareForNextSetupTrf        text38       0068DE
__end_of_USBStallHandler                  text10       006914
__end_of_USBStdFeatureReqHandler          text34       00763A
__end_of_USBStdGetDscHandler              text33       007464
__end_of_USBStdGetStatusHandler           text32       006ED2
__end_of_USBStdSetCfgHandler              text16       006B98
__end_of_USBSuspend                       text9        00682A
__end_of_USBTransferOnePacket             text24       006F6E
__end_of_USBWakeFromSuspend               text8        006854
__end_of_USB_CD_Ptr                       mediumconst  007E12
__end_of_USB_SD_Ptr                       mediumconst  007E10
__end_of_USER_USB_CALLBACK_EVENT_HANDLER  text18       006C18
__end_of__initialization                  cinit        0068A4
__end_of_configDescriptor1                mediumconst  007E7B
__end_of_debounceKeyboard                 text6        00784C
__end_of_device_dsc                       mediumconst  007FFA
__end_of_hid_rpt01_j1                     mediumconst  007F0F
__end_of_hid_rpt01_j2                     mediumconst  007EC5
__end_of_hid_rpt01_k1                     mediumconst  007F4E
__end_of_initialise                       text4        006806
__end_of_initialiseKeyboard               text5        006AC2
__end_of_keyboardBlocking                 text3        006CA0
__end_of_keymap                           mediumconst  007E04
__end_of_main                             text0        006B2C
__end_of_memset                           text17       006880
__end_of_processKeyboard                  text2        007C22
__end_of_readKeyboardState                text1        007AC2
__end_of_sd000                            mediumconst  007FFE
__end_of_sd001                            mediumconst  007FE8
__end_of_sd002                            mediumconst  007FB8
__end_of_sd003                            mediumconst  007F96
__end_of_sd004                            mediumconst  007F72
__end_of_sd005                            mediumconst  007FD2
__initialization                          cinit        006880
__mediumconst                             mediumconst  007DC2
__pbssBANK0                               bssBANK0     000060
__pbssBANK1                               bssBANK1     000100
__pbssCOMRAM                              bssCOMRAM    000001
__pcinit                                  cinit        006880
__pcstackCOMRAM                           cstackCOMRAM 000042
__pmediumconst                            mediumconst  007DC2
__ptext0                                  text0        006AC2
__ptext1                                  text1        007978
__ptext10                                 text10       0068DE
__ptext11                                 text11       006DB4
__ptext12                                 text12       006F6E
__ptext13                                 text13       006A18
__ptext14                                 text14       007C22
__ptext15                                 text15       007028
__ptext16                                 text16       006B2C
__ptext17                                 text17       006854
__ptext18                                 text18       006B98
__ptext19                                 text19       0067FE
__ptext2                                  text2        007AC2
__ptext20                                 text20       0067FC
__ptext21                                 text21       0067FA
__ptext22                                 text22       0067F8
__ptext23                                 text23       00698A
__ptext24                                 text24       006ED2
__ptext25                                 text25       006914
__ptext26                                 text26       006D2A
__ptext27                                 text27       0067F6
__ptext28                                 text28       00694C
__ptext29                                 text29       0072A4
__ptext3                                  text3        006C18
__ptext30                                 text30       0071C8
__ptext31                                 text31       0070EC
__ptext32                                 text32       006E42
__ptext33                                 text33       007382
__ptext34                                 text34       00754A
__ptext35                                 text35       0069C8
__ptext36                                 text36       007464
__ptext37                                 text37       006CA0
__ptext38                                 text38       0068AE
__ptext39                                 text39       00763A
__ptext4                                  text4        006800
__ptext5                                  text5        006A6A
__ptext6                                  text6        00773A
__ptext7                                  text7        00784C
__ptext8                                  text8        00682A
__ptext9                                  text9        006806
__ramtop                                  ramtop       000800
__size_of_USBCBCheckOtherReq              (abs)        000000
__size_of_USBCBErrorHandler               (abs)        000000
__size_of_USBCBInitEP                     (abs)        000000
__size_of_USBCBStdSetDscHandler           (abs)        000000
__size_of_USBCBSuspend                    (abs)        000000
__size_of_USBCBWakeFromSuspend            (abs)        000000
__size_of_USBCB_SOF_Handler               (abs)        000000
__size_of_USBCheckHIDRequest_j1           (abs)        000000
__size_of_USBCheckHIDRequest_j2           (abs)        000000
__size_of_USBCheckHIDRequest_k1           (abs)        000000
__size_of_USBCheckStdRequest              (abs)        000000
__size_of_USBConfigureEndpoint            (abs)        000000
__size_of_USBCtrlEPService                (abs)        000000
__size_of_USBCtrlEPServiceComplete        (abs)        000000
__size_of_USBCtrlTrfInHandler             (abs)        000000
__size_of_USBCtrlTrfOutHandler            (abs)        000000
__size_of_USBCtrlTrfRxService             (abs)        000000
__size_of_USBCtrlTrfSetupHandler          (abs)        000000
__size_of_USBCtrlTrfTxService             (abs)        000000
__size_of_USBDeviceInit                   (abs)        000000
__size_of_USBDeviceTasks                  (abs)        000000
__size_of_USBEnableEndpoint               (abs)        000000
__size_of_USBPrepareForNextSetupTrf       (abs)        000000
__size_of_USBStallHandler                 (abs)        000000
__size_of_USBStdFeatureReqHandler         (abs)        000000
__size_of_USBStdGetDscHandler             (abs)        000000
__size_of_USBStdGetStatusHandler          (abs)        000000
__size_of_USBStdSetCfgHandler             (abs)        000000
__size_of_USBSuspend                      (abs)        000000
__size_of_USBTransferOnePacket            (abs)        000000
__size_of_USBWakeFromSuspend              (abs)        000000
__size_of_USER_USB_CALLBACK_EVENT_HANDLER (abs)        000000
__size_of_debounceKeyboard                (abs)        000000
__size_of_initialise                      (abs)        000000
__size_of_initialiseKeyboard              (abs)        000000
__size_of_keyboardBlocking                (abs)        000000
__size_of_main                            (abs)        000000
__size_of_memset                          (abs)        000000
__size_of_processKeyboard                 (abs)        000000
__size_of_readKeyboardState               (abs)        000000
__smallconst                              smallconst   000000
_active_protocol_j1                       bssCOMRAM    00003F
_active_protocol_j2                       bssCOMRAM    00003D
_active_protocol_k1                       bssCOMRAM    000039
_buffer                                   bssBANK0     0000B2
_configDescriptor1                        mediumconst  007E12
_controlTransferState                     bssCOMRAM    000036
_debounceKeyboard                         text6        00773A
_device_dsc                               mediumconst  007FE8
_hid_report_in_j1                         (abs)        000570
_hid_report_in_j2                         (abs)        0005F0
_hid_report_in_k1                         (abs)        00067B
_hid_report_out_j1                        (abs)        000530
_hid_report_out_j2                        (abs)        0005B0
_hid_report_out_k1                        (abs)        00067A
_hid_rpt01_j1                             mediumconst  007EC5
_hid_rpt01_j2                             mediumconst  007E7B
_hid_rpt01_k1                             mediumconst  007F0F
_idle_rate_j1                             bssCOMRAM    000040
_idle_rate_j2                             bssCOMRAM    00003E
_idle_rate_k1                             bssCOMRAM    00003A
_inPipes                                  bssCOMRAM    000027
_initialise                               text4        006800
_initialiseKeyboard                       text5        006A6A
_joystick                                 bssCOMRAM    000001
_joystick_input_j1                        (abs)        000613
_joystick_input_j2                        (abs)        000656
_keyboard                                 bssBANK1     000100
_keyboardBlocking                         text3        006C18
_keymap                                   mediumconst  007DC3
_lastINTransmission_k1                    bssBANK0     0000D8
_lastOUTTransmission_k1                   bssBANK0     0000D6
_lastTransmission_j1                      bssBANK0     0000D4
_lastTransmission_j2                      bssBANK0     0000D2
_main                                     text0        006AC2
_memset                                   text17       006854
_outPipes                                 bssBANK0     0000BA
_pBDTEntryEP0OutCurrent                   bssCOMRAM    000031
_pBDTEntryEP0OutNext                      bssCOMRAM    00002F
_pBDTEntryIn                              bssCOMRAM    00001F
_pBDTEntryOut                             bssBANK0     0000C2
_pDst                                     bssCOMRAM    00002D
_processKeyboard                          text2        007AC2
_processKeyboard$3442                     cstackCOMRAM 000057
_rawKeyboardState                         bssBANK0     000060
_readKeyboardState                        text1        007978
_sd000                                    mediumconst  007FFA
_sd001                                    mediumconst  007FD2
_sd002                                    mediumconst  007F96
_sd003                                    mediumconst  007F72
_sd004                                    mediumconst  007F4E
_sd005                                    mediumconst  007FB8
_shortPacketStatus                        bssCOMRAM    000037
debounceKeyboard@currentKeyNumber         cstackCOMRAM 000044
end_of_initialization                     cinit        0068A4
initialiseKeyboard@key                    cstackCOMRAM 000042
intlevel0                                 text         000000
intlevel1                                 text         000000
intlevel2                                 text         000000
intlevel3                                 text         000000
keyboardBlocking@adjacentRowCount         cstackCOMRAM 000043
keyboardBlocking@column                   cstackCOMRAM 000046
keyboardBlocking@currentKeyNumber         cstackCOMRAM 000045
keyboardBlocking@row                      cstackCOMRAM 000044
memset@c                                  cstackCOMRAM 000044
memset@n                                  cstackCOMRAM 000046
memset@p                                  cstackCOMRAM 000048
memset@p1                                 cstackCOMRAM 000042
processKeyboard@key                       cstackCOMRAM 00005D
processKeyboard@keyArray                  cstackCOMRAM 00004B
processKeyboard@keysDetected              cstackCOMRAM 00005B
processKeyboard@modifier                  cstackCOMRAM 000059
readKeyboardState@column                  cstackCOMRAM 000045
readKeyboardState@currentKeyNumber        cstackCOMRAM 000042
readKeyboardState@input                   cstackCOMRAM 000043
readKeyboardState@row                     cstackCOMRAM 000044
stackhi                                   (abs)        0003FF
stacklo                                   (abs)        000182
start                                     init         000000
start_initialization                      cinit        006880


FUNCTION INFORMATION:

 *************** function _main *****************
 Defined at:
		line 67 in file "../main.c"
 Parameters:    Size  Location     Type
		None
 Auto vars:     Size  Location     Type
		None
 Return value:  Size  Location     Type
                  1    wreg      void 
 Registers used:
		wreg, fsr0l, fsr0h, fsr1l, fsr1h, fsr2l, fsr2h, status,2, status,0, tblptrl, tblptrh, tblptru, prodl, prodh, cstack
 Tracked objects:
		On entry : 
		On exit  : 
		Unchanged: 
 Data sizes:     COMRAM   BANK0   BANK1   BANK2   BANK3   BANK4 BANK5hl  BANK5l  BANK6h BANK6lh BANK6ll   BANK7
      Params:         0       0       0       0       0       0       0       0       0       0       0       0
      Locals:         0       0       0       0       0       0       0       0       0       0       0       0
      Temps:          0       0       0       0       0       0       0       0       0       0       0       0
      Totals:         0       0       0       0       0       0       0       0       0       0       0       0
Total ram usage:        0 bytes
 Hardware stack levels required when called:    9
 This function calls:
		_USBDeviceInit
		_USBDeviceTasks
		_debounceKeyboard
		_initialise
		_keyboardBlocking
		_processKeyboard
		_readKeyboardState
 This function is called by:
		Startup code after reset
 This function uses a non-reentrant model


 *************** function _readKeyboardState *****************
 Defined at:
		line 73 in file "../keyboard.c"
 Parameters:    Size  Location     Type
		None
 Auto vars:     Size  Location     Type
  column          1    3[COMRAM] unsigned char 
  row             1    2[COMRAM] unsigned char 
  input           1    1[COMRAM] unsigned char 
  currentKeyNu    1    0[COMRAM] unsigned char 
 Return value:  Size  Location     Type
                  1    wreg      void 
 Registers used:
		wreg, fsr2l, fsr2h, status,2, status,0, prodl, prodh
 Tracked objects:
		On entry : 
		On exit  : 
		Unchanged: 
 Data sizes:     COMRAM   BANK0   BANK1   BANK2   BANK3   BANK4 BANK5hl  BANK5l  BANK6h BANK6lh BANK6ll   BANK7
      Params:         0       0       0       0       0       0       0       0       0       0       0       0
      Locals:         4       0       0       0       0       0       0       0       0       0       0       0
      Temps:          0       0       0       0       0       0       0       0       0       0       0       0
      Totals:         4       0       0       0       0       0       0       0       0       0       0       0
Total ram usage:        4 bytes
 Hardware stack levels used:    1
 This function calls:
		Nothing
 This function is called by:
		_main
 This function uses a non-reentrant model


 *************** function _processKeyboard *****************
 Defined at:
		line 192 in file "../keyboard.c"
 Parameters:    Size  Location     Type
		None
 Auto vars:     Size  Location     Type
  keyArray       12    9[COMRAM] unsigned int [6]
  key             2   27[COMRAM] unsigned int 
  keysDetected    2   25[COMRAM] unsigned int 
  modifier        2   23[COMRAM] unsigned int 
 Return value:  Size  Location     Type
                  1    wreg      void 
 Registers used:
		wreg, fsr2l, fsr2h, status,2, status,0, tblptrl, tblptrh, tblptru, prodl, prodh, cstack
 Tracked objects:
		On entry : 
		On exit  : 
		Unchanged: 
 Data sizes:     COMRAM   BANK0   BANK1   BANK2   BANK3   BANK4 BANK5hl  BANK5l  BANK6h BANK6lh BANK6ll   BANK7
      Params:         0       0       0       0       0       0       0       0       0       0       0       0
      Locals:        20       0       0       0       0       0       0       0       0       0       0       0
      Temps:          2       0       0       0       0       0       0       0       0       0       0       0
      Totals:        22       0       0       0       0       0       0       0       0       0       0       0
Total ram usage:       22 bytes
 Hardware stack levels used:    1
 Hardware stack levels required when called:    1
 This function calls:
		_USBTransferOnePacket
 This function is called by:
		_main
 This function uses a non-reentrant model


 *************** function _keyboardBlocking *****************
 Defined at:
		line 125 in file "../keyboard.c"
 Parameters:    Size  Location     Type
		None
 Auto vars:     Size  Location     Type
  column          1    4[COMRAM] unsigned char 
  currentKeyNu    1    3[COMRAM] unsigned char 
  row             1    2[COMRAM] unsigned char 
  adjacentRowC    1    1[COMRAM] unsigned char 
 Return value:  Size  Location     Type
                  1    wreg      void 
 Registers used:
		wreg, fsr2l, fsr2h, status,2, status,0, prodl, prodh
 Tracked objects:
		On entry : 
		On exit  : 
		Unchanged: 
 Data sizes:     COMRAM   BANK0   BANK1   BANK2   BANK3   BANK4 BANK5hl  BANK5l  BANK6h BANK6lh BANK6ll   BANK7
      Params:         0       0       0       0       0       0       0       0       0       0       0       0
      Locals:         4       0       0       0       0       0       0       0       0       0       0       0
      Temps:          1       0       0       0       0       0       0       0       0       0       0       0
      Totals:         5       0       0       0       0       0       0       0       0       0       0       0
Total ram usage:        5 bytes
 Hardware stack levels used:    1
 This function calls:
		Nothing
 This function is called by:
		_main
 This function uses a non-reentrant model


 *************** function _initialise *****************
 Defined at:
		line 61 in file "../main.c"
 Parameters:    Size  Location     Type
		None
 Auto vars:     Size  Location     Type
		None
 Return value:  Size  Location     Type
                  1    wreg      void 
 Registers used:
		wreg, fsr2l, fsr2h, status,2, status,0, prodl, prodh, cstack
 Tracked objects:
		On entry : 
		On exit  : 
		Unchanged: 
 Data sizes:     COMRAM   BANK0   BANK1   BANK2   BANK3   BANK4 BANK5hl  BANK5l  BANK6h BANK6lh BANK6ll   BANK7
      Params:         0       0       0       0       0       0       0       0       0       0       0       0
      Locals:         0       0       0       0       0       0       0       0       0       0       0       0
      Temps:          0       0       0       0       0       0       0       0       0       0       0       0
      Totals:         0       0       0       0       0       0       0       0       0       0       0       0
Total ram usage:        0 bytes
 Hardware stack levels used:    1
 Hardware stack levels required when called:    1
 This function calls:
		_initialiseKeyboard
 This function is called by:
		_main
 This function uses a non-reentrant model


 *************** function _initialiseKeyboard *****************
 Defined at:
		line 54 in file "../keyboard.c"
 Parameters:    Size  Location     Type
		None
 Auto vars:     Size  Location     Type
  key             1    0[COMRAM] unsigned char 
 Return value:  Size  Location     Type
                  1    wreg      void 
 Registers used:
		wreg, fsr2l, fsr2h, status,2, status,0, prodl, prodh
 Tracked objects:
		On entry : 
		On exit  : 
		Unchanged: 
 Data sizes:     COMRAM   BANK0   BANK1   BANK2   BANK3   BANK4 BANK5hl  BANK5l  BANK6h BANK6lh BANK6ll   BANK7
      Params:         0       0       0       0       0       0       0       0       0       0       0       0
      Locals:         1       0       0       0       0       0       0       0       0       0       0       0
      Temps:          0       0       0       0       0       0       0       0       0       0       0       0
      Totals:         1       0       0       0       0       0       0       0       0       0       0       0
Total ram usage:        1 bytes
 Hardware stack levels used:    1
 This function calls:
		Nothing
 This function is called by:
		_initialise
 This function uses a non-reentrant model


 *************** function _debounceKeyboard *****************
 Defined at:
		line 167 in file "../keyboard.c"
 Parameters:    Size  Location     Type
		None
 Auto vars:     Size  Location     Type
  currentKeyNu    1    2[COMRAM] unsigned char 
 Return value:  Size  Location     Type
                  1    wreg      void 
 Registers used:
		wreg, fsr1l, fsr1h, fsr2l, fsr2h, status,2, status,0, prodl, prodh
 Tracked objects:
		On entry : 
		On exit  : 
		Unchanged: 
 Data sizes:     COMRAM   BANK0   BANK1   BANK2   BANK3   BANK4 BANK5hl  BANK5l  BANK6h BANK6lh BANK6ll   BANK7
      Params:         0       0       0       0       0       0       0       0       0       0       0       0
      Locals:         1       0       0       0       0       0       0       0       0       0       0       0
      Temps:          2       0       0       0       0       0       0       0       0       0       0       0
      Totals:         3       0       0       0       0       0       0       0       0       0       0       0
Total ram usage:        3 bytes
 Hardware stack levels used:    1
 This function calls:
		Nothing
 This function is called by:
		_main
 This function uses a non-reentrant model


 *************** function _USBDeviceTasks *****************
 Defined at:
		line 781 in file "../USB Stack/usb_device.c"
 Parameters:    Size  Location     Type
		None
 Auto vars:     Size  Location     Type
  i               1   23[COMRAM] unsigned char 
 Return value:  Size  Location     Type
                  1    wreg      void 
 Registers used:
		wreg, fsr0l, fsr0h, fsr1l, fsr1h, fsr2l, fsr2h, status,2, status,0, tblptrl, tblptrh, tblptru, prodl, prodh, cstack
 Tracked objects:
		On entry : 
		On exit  : 
		Unchanged: 
 Data sizes:     COMRAM   BANK0   BANK1   BANK2   BANK3   BANK4 BANK5hl  BANK5l  BANK6h BANK6lh BANK6ll   BANK7
      Params:         0       0       0       0       0       0       0       0       0       0       0       0
      Locals:         1       0       0       0       0       0       0       0       0       0       0       0
      Temps:          1       0       0       0       0       0       0       0       0       0       0       0
      Totals:         2       0       0       0       0       0       0       0       0       0       0       0
Total ram usage:        2 bytes
 Hardware stack levels used:    1
 Hardware stack levels required when called:    8
 This function calls:
		_USBCtrlEPService
		_USBDeviceInit
		_USBStallHandler
		_USBSuspend
		_USBWakeFromSuspend
		_USER_USB_CALLBACK_EVENT_HANDLER
 This function is called by:
		_main
 This function uses a non-reentrant model


 *************** function _USBWakeFromSuspend *****************
 Defined at:
		line 1189 in file "../USB Stack/usb_device.c"
 Parameters:    Size  Location     Type
		None
 Auto vars:     Size  Location     Type
		None
 Return value:  Size  Location     Type
                  1    wreg      void 
 Registers used:
		wreg, fsr2l, fsr2h, status,2, status,0, prodl, prodh, cstack
 Tracked objects:
		On entry : 
		On exit  : 
		Unchanged: 
 Data sizes:     COMRAM   BANK0   BANK1   BANK2   BANK3   BANK4 BANK5hl  BANK5l  BANK6h BANK6lh BANK6ll   BANK7
      Params:         0       0       0       0       0       0       0       0       0       0       0       0
      Locals:         0       0       0       0       0       0       0       0       0       0       0       0
      Temps:          0       0       0       0       0       0       0       0       0       0       0       0
      Totals:         0       0       0       0       0       0       0       0       0       0       0       0
Total ram usage:        0 bytes
 Hardware stack levels used:    1
 Hardware stack levels required when called:    4
 This function calls:
		_USER_USB_CALLBACK_EVENT_HANDLER
 This function is called by:
		_USBDeviceTasks
 This function uses a non-reentrant model


 *************** function _USBSuspend *****************
 Defined at:
		line 1132 in file "../USB Stack/usb_device.c"
 Parameters:    Size  Location     Type
		None
 Auto vars:     Size  Location     Type
		None
 Return value:  Size  Location     Type
                  1    wreg      void 
 Registers used:
		wreg, fsr2l, fsr2h, status,2, status,0, prodl, prodh, cstack
 Tracked objects:
		On entry : 
		On exit  : 
		Unchanged: 
 Data sizes:     COMRAM   BANK0   BANK1   BANK2   BANK3   BANK4 BANK5hl  BANK5l  BANK6h BANK6lh BANK6ll   BANK7
      Params:         0       0       0       0       0       0       0       0       0       0       0       0
      Locals:         0       0       0       0       0       0       0       0       0       0       0       0
      Temps:          0       0       0       0       0       0       0       0       0       0       0       0
      Totals:         0       0       0       0       0       0       0       0       0       0       0       0
Total ram usage:        0 bytes
 Hardware stack levels used:    1
 Hardware stack levels required when called:    4
 This function calls:
		_USER_USB_CALLBACK_EVENT_HANDLER
 This function is called by:
		_USBDeviceTasks
 This function uses a non-reentrant model


 *************** function _USBStallHandler *****************
 Defined at:
		line 1089 in file "../USB Stack/usb_device.c"
 Parameters:    Size  Location     Type
		None
 Auto vars:     Size  Location     Type
		None
 Return value:  Size  Location     Type
                  1    wreg      void 
 Registers used:
		wreg, fsr2l, fsr2h, status,2, status,0
 Tracked objects:
		On entry : 
		On exit  : 
		Unchanged: 
 Data sizes:     COMRAM   BANK0   BANK1   BANK2   BANK3   BANK4 BANK5hl  BANK5l  BANK6h BANK6lh BANK6ll   BANK7
      Params:         0       0       0       0       0       0       0       0       0       0       0       0
      Locals:         0       0       0       0       0       0       0       0       0       0       0       0
      Temps:          1       0       0       0       0       0       0       0       0       0       0       0
      Totals:         1       0       0       0       0       0       0       0       0       0       0       0
Total ram usage:        1 bytes
 Hardware stack levels used:    1
 This function calls:
		Nothing
 This function is called by:
		_USBDeviceTasks
 This function uses a non-reentrant model


 *************** function _USBDeviceInit *****************
 Defined at:
		line 675 in file "../USB Stack/usb_device.c"
 Parameters:    Size  Location     Type
		None
 Auto vars:     Size  Location     Type
  i               1    8[COMRAM] unsigned char 
 Return value:  Size  Location     Type
                  1    wreg      void 
 Registers used:
		wreg, fsr2l, fsr2h, status,2, status,0, prodl, prodh, cstack
 Tracked objects:
		On entry : 
		On exit  : 
		Unchanged: 
 Data sizes:     COMRAM   BANK0   BANK1   BANK2   BANK3   BANK4 BANK5hl  BANK5l  BANK6h BANK6lh BANK6ll   BANK7
      Params:         0       0       0       0       0       0       0       0       0       0       0       0
      Locals:         1       0       0       0       0       0       0       0       0       0       0       0
      Temps:          0       0       0       0       0       0       0       0       0       0       0       0
      Totals:         1       0       0       0       0       0       0       0       0       0       0       0
Total ram usage:        1 bytes
 Hardware stack levels used:    1
 Hardware stack levels required when called:    1
 This function calls:
		_memset
 This function is called by:
		_USBDeviceTasks
		_main
 This function uses a non-reentrant model


 *************** function _USBCtrlEPService *****************
 Defined at:
		line 1254 in file "../USB Stack/usb_device.c"
 Parameters:    Size  Location     Type
		None
 Auto vars:     Size  Location     Type
  setup_cnt       1   21[COMRAM] unsigned char 
 Return value:  Size  Location     Type
                  1    wreg      void 
 Registers used:
		wreg, fsr0l, fsr0h, fsr1l, fsr1h, fsr2l, fsr2h, status,2, status,0, tblptrl, tblptrh, tblptru, prodl, prodh, cstack
 Tracked objects:
		On entry : 
		On exit  : 
		Unchanged: 
 Data sizes:     COMRAM   BANK0   BANK1   BANK2   BANK3   BANK4 BANK5hl  BANK5l  BANK6h BANK6lh BANK6ll   BANK7
      Params:         0       0       0       0       0       0       0       0       0       0       0       0
      Locals:         1       0       0       0       0       0       0       0       0       0       0       0
      Temps:          2       0       0       0       0       0       0       0       0       0       0       0
      Totals:         3       0       0       0       0       0       0       0       0       0       0       0
Total ram usage:        3 bytes
 Hardware stack levels used:    1
 Hardware stack levels required when called:    7
 This function calls:
		_USBCtrlTrfInHandler
		_USBCtrlTrfOutHandler
		_USBCtrlTrfSetupHandler
 This function is called by:
		_USBDeviceTasks
 This function uses a non-reentrant model


 *************** function _USBCtrlTrfSetupHandler *****************
 Defined at:
		line 1348 in file "../USB Stack/usb_device.c"
 Parameters:    Size  Location     Type
		None
 Auto vars:     Size  Location     Type
		None
 Return value:  Size  Location     Type
                  1    wreg      void 
 Registers used:
		wreg, fsr0l, fsr0h, fsr2l, fsr2h, status,2, status,0, tblptrl, tblptrh, tblptru, prodl, prodh, cstack
 Tracked objects:
		On entry : 
		On exit  : 
		Unchanged: 
 Data sizes:     COMRAM   BANK0   BANK1   BANK2   BANK3   BANK4 BANK5hl  BANK5l  BANK6h BANK6lh BANK6ll   BANK7
      Params:         0       0       0       0       0       0       0       0       0       0       0       0
      Locals:         0       0       0       0       0       0       0       0       0       0       0       0
      Temps:          0       0       0       0       0       0       0       0       0       0       0       0
      Totals:         0       0       0       0       0       0       0       0       0       0       0       0
Total ram usage:        0 bytes
 Hardware stack levels used:    1
 Hardware stack levels required when called:    6
 This function calls:
		_USBCheckStdRequest
		_USBCtrlEPServiceComplete
		_USER_USB_CALLBACK_EVENT_HANDLER
 This function is called by:
		_USBCtrlEPService
 This function uses a non-reentrant model


 *************** function _USBCtrlEPServiceComplete *****************
 Defined at:
		line 1914 in file "../USB Stack/usb_device.c"
 Parameters:    Size  Location     Type
		None
 Auto vars:     Size  Location     Type
		None
 Return value:  Size  Location     Type
                  1    wreg      void 
 Registers used:
		wreg, fsr0l, fsr0h, fsr2l, fsr2h, status,2, status,0, tblptrl, tblptrh, tblptru, cstack
 Tracked objects:
		On entry : 
		On exit  : 
		Unchanged: 
 Data sizes:     COMRAM   BANK0   BANK1   BANK2   BANK3   BANK4 BANK5hl  BANK5l  BANK6h BANK6lh BANK6ll   BANK7
      Params:         0       0       0       0       0       0       0       0       0       0       0       0
      Locals:         0       0       0       0       0       0       0       0       0       0       0       0
      Temps:          0       0       0       0       0       0       0       0       0       0       0       0
      Totals:         0       0       0       0       0       0       0       0       0       0       0       0
Total ram usage:        0 bytes
 Hardware stack levels used:    1
 Hardware stack levels required when called:    1
 This function calls:
		_USBCtrlTrfTxService
 This function is called by:
		_USBCtrlTrfSetupHandler
 This function uses a non-reentrant model


 *************** function _USBCheckStdRequest *****************
 Defined at:
		line 1563 in file "../USB Stack/usb_device.c"
 Parameters:    Size  Location     Type
		None
 Auto vars:     Size  Location     Type
		None
 Return value:  Size  Location     Type
                  1    wreg      void 
 Registers used:
		wreg, fsr0l, fsr0h, fsr2l, fsr2h, status,2, status,0, tblptrl, tblptrh, tblptru, prodl, prodh, cstack
 Tracked objects:
		On entry : 
		On exit  : 
		Unchanged: 
 Data sizes:     COMRAM   BANK0   BANK1   BANK2   BANK3   BANK4 BANK5hl  BANK5l  BANK6h BANK6lh BANK6ll   BANK7
      Params:         0       0       0       0       0       0       0       0       0       0       0       0
      Locals:         0       0       0       0       0       0       0       0       0       0       0       0
      Temps:          0       0       0       0       0       0       0       0       0       0       0       0
      Totals:         0       0       0       0       0       0       0       0       0       0       0       0
Total ram usage:        0 bytes
 Hardware stack levels used:    1
 Hardware stack levels required when called:    5
 This function calls:
		_USBStdFeatureReqHandler
		_USBStdGetDscHandler
		_USBStdGetStatusHandler
		_USBStdSetCfgHandler
		_USER_USB_CALLBACK_EVENT_HANDLER
 This function is called by:
		_USBCtrlTrfSetupHandler
 This function uses a non-reentrant model


 *************** function _USBStdSetCfgHandler *****************
 Defined at:
		line 2234 in file "../USB Stack/usb_device.c"
 Parameters:    Size  Location     Type
		None
 Auto vars:     Size  Location     Type
		None
 Return value:  Size  Location     Type
                  1    wreg      void 
 Registers used:
		wreg, fsr2l, fsr2h, status,2, status,0, prodl, prodh, cstack
 Tracked objects:
		On entry : 
		On exit  : 
		Unchanged: 
 Data sizes:     COMRAM   BANK0   BANK1   BANK2   BANK3   BANK4 BANK5hl  BANK5l  BANK6h BANK6lh BANK6ll   BANK7
      Params:         0       0       0       0       0       0       0       0       0       0       0       0
      Locals:         0       0       0       0       0       0       0       0       0       0       0       0
      Temps:          0       0       0       0       0       0       0       0       0       0       0       0
      Totals:         0       0       0       0       0       0       0       0       0       0       0       0
Total ram usage:        0 bytes
 Hardware stack levels used:    1
 Hardware stack levels required when called:    4
 This function calls:
		_USER_USB_CALLBACK_EVENT_HANDLER
		_memset
 This function is called by:
		_USBCheckStdRequest
 This function uses a non-reentrant model


 *************** function _memset *****************
 Defined at:
		line 8 in file "/Applications/microchip/xc8/v2.05/pic/sources/c90/common/memset.c"
 Parameters:    Size  Location     Type
  p1              2    0[COMRAM] PTR void 
		 -> USBAlternateInterface(1), UEP1(1), 
  c               2    2[COMRAM] int 
  n               2    4[COMRAM] unsigned int 
 Auto vars:     Size  Location     Type
  p               2    6[COMRAM] PTR unsigned char 
		 -> USBAlternateInterface(1), UEP1(1), 
 Return value:  Size  Location     Type
                  2    0[COMRAM] PTR void 
 Registers used:
		wreg, fsr2l, fsr2h, status,2, status,0
 Tracked objects:
		On entry : 
		On exit  : 
		Unchanged: 
 Data sizes:     COMRAM   BANK0   BANK1   BANK2   BANK3   BANK4 BANK5hl  BANK5l  BANK6h BANK6lh BANK6ll   BANK7
      Params:         6       0       0       0       0       0       0       0       0       0       0       0
      Locals:         2       0       0       0       0       0       0       0       0       0       0       0
      Temps:          0       0       0       0       0       0       0       0       0       0       0       0
      Totals:         8       0       0       0       0       0       0       0       0       0       0       0
Total ram usage:        8 bytes
 Hardware stack levels used:    1
 This function calls:
		Nothing
 This function is called by:
		_USBDeviceInit
		_USBStdSetCfgHandler
 This function uses a non-reentrant model


 *************** function _USER_USB_CALLBACK_EVENT_HANDLER *****************
 Defined at:
		line 117 in file "../usb_callback.c"
 Parameters:    Size  Location     Type
  event           2   11[COMRAM] enum E3680
  pdata           2   13[COMRAM] PTR void 
		 -> USTATcopy(1), NULL(0), USBActiveConfiguration(1), 
  size            2   15[COMRAM] unsigned short 
 Auto vars:     Size  Location     Type
		None
 Return value:  Size  Location     Type
                  1    wreg      enum E3
 Registers used:
		wreg, fsr2l, fsr2h, status,2, status,0, prodl, prodh, cstack
 Tracked objects:
		On entry : 
		On exit  : 
		Unchanged: 
 Data sizes:     COMRAM   BANK0   BANK1   BANK2   BANK3   BANK4 BANK5hl  BANK5l  BANK6h BANK6lh BANK6ll   BANK7
      Params:         6       0       0       0       0       0       0       0       0       0       0       0
      Locals:         0       0       0       0       0       0       0       0       0       0       0       0
      Temps:          2       0       0       0       0       0       0       0       0       0       0       0
      Totals:         8       0       0       0       0       0       0       0       0       0       0       0
Total ram usage:        8 bytes
 Hardware stack levels used:    1
 Hardware stack levels required when called:    3
 This function calls:
		_USBCBCheckOtherReq
		_USBCBErrorHandler
		_USBCBInitEP
		_USBCBStdSetDscHandler
		_USBCBSuspend
		_USBCBWakeFromSuspend
		_USBCB_SOF_Handler
 This function is called by:
		_USBDeviceTasks
		_USBSuspend
		_USBWakeFromSuspend
		_USBCtrlTrfSetupHandler
		_USBCheckStdRequest
		_USBStdSetCfgHandler
 This function uses a non-reentrant model


 *************** function _USBCB_SOF_Handler *****************
 Defined at:
		line 57 in file "../usb_callback.c"
 Parameters:    Size  Location     Type
		None
 Auto vars:     Size  Location     Type
		None
 Return value:  Size  Location     Type
[...]
      Totals:         7       0       0       0       0       0       0       0       0       0       0       0
Total ram usage:        7 bytes
 Hardware stack levels used:    1
 This function calls:
		Nothing
 This function is called by:
		_USBEnableEndpoint
 This function uses a non-reentrant model


 *************** function _USBCBErrorHandler *****************
 Defined at:
		line 66 in file "../usb_callback.c"
 Parameters:    Size  Location     Type
		None
 Auto vars:     Size  Location     Type
		None
 Return value:  Size  Location     Type
                  1    wreg      void 
 Registers used:
		None
 Tracked objects:
		On entry : 
		On exit  : 
		Unchanged: 
 Data sizes:     COMRAM   BANK0   BANK1   BANK2   BANK3   BANK4 BANK5hl  BANK5l  BANK6h BANK6lh BANK6ll   BANK7
      Params:         0       0       0       0       0       0       0       0       0       0       0       0
      Locals:         0       0       0       0       0       0       0       0       0       0       0       0
      Temps:          0       0       0       0       0       0       0       0       0       0       0       0
      Totals:         0       0       0       0       0       0       0       0       0       0       0       0
Total ram usage:        0 bytes
 Hardware stack levels used:    1
 This function calls:
		Nothing
 This function is called by:
		_USER_USB_CALLBACK_EVENT_HANDLER
 This function uses a non-reentrant model


 *************** function _USBCBCheckOtherReq *****************
 Defined at:
		line 73 in file "../usb_callback.c"
 Parameters:    Size  Location     Type
		None
 Auto vars:     Size  Location     Type
		None
 Return value:  Size  Location     Type
                  1    wreg      void 
 Registers used:
		wreg, fsr2l, fsr2h, status,2, status,0, cstack
 Tracked objects:
		On entry : 
		On exit  : 
		Unchanged: 
 Data sizes:     COMRAM   BANK0   BANK1   BANK2   BANK3   BANK4 BANK5hl  BANK5l  BANK6h BANK6lh BANK6ll   BANK7
      Params:         0       0       0       0       0       0       0       0       0       0       0       0
      Locals:         0       0       0       0       0       0       0       0       0       0       0       0
      Temps:          2       0       0       0       0       0       0       0       0       0       0       0
      Totals:         2       0       0       0       0       0       0       0       0       0       0       0
Total ram usage:        2 bytes
 Hardware stack levels used:    1
 Hardware stack levels required when called:    1
 This function calls:
		_USBCheckHIDRequest_j1
		_USBCheckHIDRequest_j2
		_USBCheckHIDRequest_k1
 This function is called by:
		_USER_USB_CALLBACK_EVENT_HANDLER
 This function uses a non-reentrant model


 *************** function _USBCheckHIDRequest_k1 *****************
 Defined at:
		line 31 in file "../USB Stack/keyboard1_hid.c"
 Parameters:    Size  Location     Type
		None
 Auto vars:     Size  Location     Type
		None
 Return value:  Size  Location     Type
                  1    wreg      void 
 Registers used:
		wreg, status,2, status,0
 Tracked objects:
		On entry : 
		On exit  : 
		Unchanged: 
 Data sizes:     COMRAM   BANK0   BANK1   BANK2   BANK3   BANK4 BANK5hl  BANK5l  BANK6h BANK6lh BANK6ll   BANK7
      Params:         0       0       0       0       0       0       0       0       0       0       0       0
      Locals:         0       0       0       0       0       0       0       0       0       0       0       0
      Temps:          0       0       0       0       0       0       0       0       0       0       0       0
      Totals:         0       0       0       0       0       0       0       0       0       0       0       0
Total ram usage:        0 bytes
 Hardware stack levels used:    1
 This function calls:
		Nothing
 This function is called by:
		_USBCBCheckOtherReq
 This function uses a non-reentrant model


 *************** function _USBCheckHIDRequest_j2 *****************
 Defined at:
		line 31 in file "../USB Stack/joystick2_hid.c"
 Parameters:    Size  Location     Type
		None
 Auto vars:     Size  Location     Type
		None
 Return value:  Size  Location     Type
                  1    wreg      void 
 Registers used:
		wreg, status,2, status,0
 Tracked objects:
		On entry : 
		On exit  : 
		Unchanged: 
 Data sizes:     COMRAM   BANK0   BANK1   BANK2   BANK3   BANK4 BANK5hl  BANK5l  BANK6h BANK6lh BANK6ll   BANK7
      Params:         0       0       0       0       0       0       0       0       0       0       0       0
      Locals:         0       0       0       0       0       0       0       0       0       0       0       0
      Temps:          0       0       0       0       0       0       0       0       0       0       0       0
      Totals:         0       0       0       0       0       0       0       0       0       0       0       0
Total ram usage:        0 bytes
 Hardware stack levels used:    1
 This function calls:
		Nothing
 This function is called by:
		_USBCBCheckOtherReq
 This function uses a non-reentrant model


 *************** function _USBCheckHIDRequest_j1 *****************
 Defined at:
		line 31 in file "../USB Stack/joystick1_hid.c"
 Parameters:    Size  Location     Type
		None
 Auto vars:     Size  Location     Type
		None
 Return value:  Size  Location     Type
                  1    wreg      void 
 Registers used:
		wreg, status,2, status,0
 Tracked objects:
		On entry : 
		On exit  : 
		Unchanged: 
 Data sizes:     COMRAM   BANK0   BANK1   BANK2   BANK3   BANK4 BANK5hl  BANK5l  BANK6h BANK6lh BANK6ll   BANK7
      Params:         0       0       0       0       0       0       0       0       0       0       0       0
      Locals:         0       0       0       0       0       0       0       0       0       0       0       0
      Temps:          0       0       0       0       0       0       0       0       0       0       0       0
      Totals:         0       0       0       0       0       0       0       0       0       0       0       0
Total ram usage:        0 bytes
 Hardware stack levels used:    1
 This function calls:
		Nothing
 This function is called by:
		_USBCBCheckOtherReq
 This function uses a non-reentrant model


 *************** function _USBStdGetStatusHandler *****************
 Defined at:
		line 1829 in file "../USB Stack/usb_device.c"
 Parameters:    Size  Location     Type
		None
 Auto vars:     Size  Location     Type
  p               2    1[COMRAM] PTR struct __BDT
		 -> BDT(64), 
 Return value:  Size  Location     Type
                  1    wreg      void 
 Registers used:
		wreg, fsr2l, fsr2h, status,2, status,0, prodl, prodh
 Tracked objects:
		On entry : 
		On exit  : 
		Unchanged: 
 Data sizes:     COMRAM   BANK0   BANK1   BANK2   BANK3   BANK4 BANK5hl  BANK5l  BANK6h BANK6lh BANK6ll   BANK7
      Params:         0       0       0       0       0       0       0       0       0       0       0       0
      Locals:         2       0       0       0       0       0       0       0       0       0       0       0
      Temps:          1       0       0       0       0       0       0       0       0       0       0       0
      Totals:         3       0       0       0       0       0       0       0       0       0       0       0
Total ram usage:        3 bytes
 Hardware stack levels used:    1
 This function calls:
		Nothing
 This function is called by:
		_USBCheckStdRequest
 This function uses a non-reentrant model


 *************** function _USBStdGetDscHandler *****************
 Defined at:
		line 1767 in file "../USB Stack/usb_device.c"
 Parameters:    Size  Location     Type
		None
 Auto vars:     Size  Location     Type
		None
 Return value:  Size  Location     Type
                  1    wreg      void 
 Registers used:
		wreg, fsr0l, fsr0h, status,2, status,0, tblptrl, tblptrh, tblptru, prodl, prodh
 Tracked objects:
		On entry : 
		On exit  : 
		Unchanged: 
 Data sizes:     COMRAM   BANK0   BANK1   BANK2   BANK3   BANK4 BANK5hl  BANK5l  BANK6h BANK6lh BANK6ll   BANK7
      Params:         0       0       0       0       0       0       0       0       0       0       0       0
      Locals:         0       0       0       0       0       0       0       0       0       0       0       0
      Temps:          2       0       0       0       0       0       0       0       0       0       0       0
      Totals:         2       0       0       0       0       0       0       0       0       0       0       0
Total ram usage:        2 bytes
 Hardware stack levels used:    1
 This function calls:
		Nothing
 This function is called by:
		_USBCheckStdRequest
 This function uses a non-reentrant model


 *************** function _USBStdFeatureReqHandler *****************
 Defined at:
		line 1628 in file "../USB Stack/usb_device.c"
 Parameters:    Size  Location     Type
		None
 Auto vars:     Size  Location     Type
  p               2    4[COMRAM] PTR struct __BDT
		 -> BDT(64), 
  pUEP            2    2[COMRAM] PTR unsigned int 
		 -> UEP0(1), 
 Return value:  Size  Location     Type
                  1    wreg      void 
 Registers used:
		wreg, fsr2l, fsr2h, status,2, status,0, prodl, prodh
 Tracked objects:
		On entry : 
		On exit  : 
		Unchanged: 
 Data sizes:     COMRAM   BANK0   BANK1   BANK2   BANK3   BANK4 BANK5hl  BANK5l  BANK6h BANK6lh BANK6ll   BANK7
      Params:         0       0       0       0       0       0       0       0       0       0       0       0
      Locals:         4       0       0       0       0       0       0       0       0       0       0       0
      Temps:          2       0       0       0       0       0       0       0       0       0       0       0
      Totals:         6       0       0       0       0       0       0       0       0       0       0       0
Total ram usage:        6 bytes
 Hardware stack levels used:    1
 This function calls:
		Nothing
 This function is called by:
		_USBCheckStdRequest
 This function uses a non-reentrant model


 *************** function _USBCtrlTrfOutHandler *****************
 Defined at:
		line 1395 in file "../USB Stack/usb_device.c"
 Parameters:    Size  Location     Type
		None
 Auto vars:     Size  Location     Type
		None
 Return value:  Size  Location     Type
                  1    wreg      void 
 Registers used:
		wreg, fsr1l, fsr1h, fsr2l, fsr2h, status,2, status,0, cstack
 Tracked objects:
		On entry : 
		On exit  : 
		Unchanged: 
 Data sizes:     COMRAM   BANK0   BANK1   BANK2   BANK3   BANK4 BANK5hl  BANK5l  BANK6h BANK6lh BANK6ll   BANK7
      Params:         0       0       0       0       0       0       0       0       0       0       0       0
      Locals:         0       0       0       0       0       0       0       0       0       0       0       0
      Temps:          0       0       0       0       0       0       0       0       0       0       0       0
      Totals:         0       0       0       0       0       0       0       0       0       0       0       0
Total ram usage:        0 bytes
 Hardware stack levels used:    1
 Hardware stack levels required when called:    1
 This function calls:
		_USBCtrlTrfRxService
		_USBPrepareForNextSetupTrf
 This function is called by:
		_USBCtrlEPService
 This function uses a non-reentrant model


 *************** function _USBCtrlTrfRxService *****************
 Defined at:
		line 2156 in file "../USB Stack/usb_device.c"
 Parameters:    Size  Location     Type
		None
 Auto vars:     Size  Location     Type
  byteToRead      1    1[COMRAM] unsigned char 
  i               1    0[COMRAM] unsigned char 
 Return value:  Size  Location     Type
                  1    wreg      void 
 Registers used:
		wreg, fsr1l, fsr1h, fsr2l, fsr2h, status,2, status,0
 Tracked objects:
		On entry : 
		On exit  : 
		Unchanged: 
 Data sizes:     COMRAM   BANK0   BANK1   BANK2   BANK3   BANK4 BANK5hl  BANK5l  BANK6h BANK6lh BANK6ll   BANK7
      Params:         0       0       0       0       0       0       0       0       0       0       0       0
      Locals:         2       0       0       0       0       0       0       0       0       0       0       0
      Temps:          0       0       0       0       0       0       0       0       0       0       0       0
      Totals:         2       0       0       0       0       0       0       0       0       0       0       0
Total ram usage:        2 bytes
 Hardware stack levels used:    1
 This function calls:
		Nothing
 This function is called by:
		_USBCtrlTrfOutHandler
 This function uses a non-reentrant model


 *************** function _USBCtrlTrfInHandler *****************
 Defined at:
		line 1445 in file "../USB Stack/usb_device.c"
 Parameters:    Size  Location     Type
		None
 Auto vars:     Size  Location     Type
  lastDTS         1    2[COMRAM] unsigned char 
 Return value:  Size  Location     Type
                  1    wreg      void 
 Registers used:
		wreg, fsr0l, fsr0h, fsr2l, fsr2h, status,2, status,0, tblptrl, tblptrh, tblptru, cstack
 Tracked objects:
		On entry : 
		On exit  : 
		Unchanged: 
 Data sizes:     COMRAM   BANK0   BANK1   BANK2   BANK3   BANK4 BANK5hl  BANK5l  BANK6h BANK6lh BANK6ll   BANK7
      Params:         0       0       0       0       0       0       0       0       0       0       0       0
      Locals:         1       0       0       0       0       0       0       0       0       0       0       0
      Temps:          0       0       0       0       0       0       0       0       0       0       0       0
      Totals:         1       0       0       0       0       0       0       0       0       0       0       0
Total ram usage:        1 bytes
 Hardware stack levels used:    1
 Hardware stack levels required when called:    1
 This function calls:
		_USBCtrlTrfTxService
		_USBPrepareForNextSetupTrf
 This function is called by:
		_USBCtrlEPService
 This function uses a non-reentrant model


 *************** function _USBPrepareForNextSetupTrf *****************
 Defined at:
		line 1517 in file "../USB Stack/usb_device.c"
 Parameters:    Size  Location     Type
		None
 Auto vars:     Size  Location     Type
  p               2    0[COMRAM] PTR struct __BDT
		 -> RAM(2047), 
 Return value:  Size  Location     Type
                  1    wreg      void 
 Registers used:
		wreg, fsr2l, fsr2h, status,2, status,0
 Tracked objects:
		On entry : 
		On exit  : 
		Unchanged: 
 Data sizes:     COMRAM   BANK0   BANK1   BANK2   BANK3   BANK4 BANK5hl  BANK5l  BANK6h BANK6lh BANK6ll   BANK7
      Params:         0       0       0       0       0       0       0       0       0       0       0       0
      Locals:         2       0       0       0       0       0       0       0       0       0       0       0
      Temps:          0       0       0       0       0       0       0       0       0       0       0       0
      Totals:         2       0       0       0       0       0       0       0       0       0       0       0
Total ram usage:        2 bytes
 Hardware stack levels used:    1
 This function calls:
		Nothing
 This function is called by:
		_USBCtrlTrfOutHandler
		_USBCtrlTrfInHandler
 This function uses a non-reentrant model


 *************** function _USBCtrlTrfTxService *****************
 Defined at:
		line 2061 in file "../USB Stack/usb_device.c"
 Parameters:    Size  Location     Type
		None
 Auto vars:     Size  Location     Type
  byteToSend      2    0[COMRAM] struct .
 Return value:  Size  Location     Type
                  1    wreg      void 
 Registers used:
		wreg, fsr0l, fsr0h, fsr2l, fsr2h, status,2, status,0, tblptrl, tblptrh, tblptru
 Tracked objects:
		On entry : 
		On exit  : 
		Unchanged: 
 Data sizes:     COMRAM   BANK0   BANK1   BANK2   BANK3   BANK4 BANK5hl  BANK5l  BANK6h BANK6lh BANK6ll   BANK7
      Params:         0       0       0       0       0       0       0       0       0       0       0       0
      Locals:         2       0       0       0       0       0       0       0       0       0       0       0
      Temps:          0       0       0       0       0       0       0       0       0       0       0       0
      Totals:         2       0       0       0       0       0       0       0       0       0       0       0
Total ram usage:        2 bytes
 Hardware stack levels used:    1
 This function calls:
		Nothing
 This function is called by:
		_USBCtrlTrfInHandler
		_USBCtrlEPServiceComplete
 This function uses a non-reentrant model



MODULE INFORMATION

Module		Function		Class		Link	Load	Size
../main.c
		_main          		CODE           	6AC2	0000	107
		_initialise    		CODE           	6800	0000	7

../main.c estimated size: 114

../USB Stack/usb_device.c
		_USBCtrlTrfInHandler		CODE           	6CA0	0000	139
		_USBTransferOnePacket		CODE           	6ED2	0000	157
		_USBStdGetDscHandler		CODE           	7382	0000	227
		_USBStdFeatureReqHandler		CODE           	754A	0000	241
		_USBCtrlTrfSetupHandler		CODE           	6A18	0000	83
		_USBCtrlTrfOutHandler		CODE           	69C8	0000	81
		_USBCtrlEPServiceComplete		CODE           	7C22	0000	417
		_USBSuspend    		CODE           	6806	0000	37
		_USBStdSetCfgHandler		CODE           	6B2C	0000	109
		_USBStdGetStatusHandler		CODE           	6E42	0000	145
		_USBWakeFromSuspend		CODE           	682A	0000	43
		_USBCtrlTrfRxService		CODE           	7464	0000	231
		_USBCtrlTrfTxService		CODE           	763A	0000	257
		_USBEnableEndpoint		CODE           	6914	0000	57
		_USBConfigureEndpoint		CODE           	6D2A	0000	139
		_USBDeviceInit 		CODE           	6DB4	0000	143
		_USBPrepareForNextSetupTrf		CODE           	68AE	0000	49
		_USBCtrlEPService		CODE           	6F6E	0000	187
		_USBStallHandler		CODE           	68DE	0000	55
		_USBDeviceTasks		CODE           	784C	0000	301
		_USBCheckStdRequest		CODE           	7028	0000	197

../USB Stack/usb_device.c estimated size: 3295

../USB Stack/joystick2_hid.c
		_USBCheckHIDRequest_j2		CODE           	71C8	0000	221

../USB Stack/joystick2_hid.c estimated size: 221

../USB Stack/joystick1_hid.c
		_USBCheckHIDRequest_j1		CODE           	70EC	0000	221

../USB Stack/joystick1_hid.c estimated size: 221

../keyboard.c
		_keyboardBlocking		CODE           	6C18	0000	137
		_initialiseKeyboard		CODE           	6A6A	0000	89
		_debounceKeyboard		CODE           	773A	0000	275
		_readKeyboardState		CODE           	7978	0000	331
		_processKeyboard		CODE           	7AC2	0000	353

../keyboard.c estimated size: 1185

/Applications/microchip/xc8/v2.05/pic/sources/c90/common/memset.c
		_memset        		CODE           	6854	0000	45

/Applications/microchip/xc8/v2.05/pic/sources/c90/common/memset.c estimated size: 45

shared
		_configDescriptor1		MEDIUMCONST    	7E12	0000	106
		_USB_CD_Ptr    		MEDIUMCONST    	7E10	0000	3
		_sd001         		MEDIUMCONST    	7FD2	0000	23
		_keymap        		MEDIUMCONST    	7DC3	0000	66
		_sd002         		MEDIUMCONST    	7F96	0000	35
		_sd003         		MEDIUMCONST    	7F72	0000	37
		__initialization		CODE           	6880	0000	37
		_device_dsc    		MEDIUMCONST    	7FE8	0000	19
		_sd004         		MEDIUMCONST    	7F4E	0000	37
		_sd005         		MEDIUMCONST    	7FB8	0000	27
		_USB_SD_Ptr    		MEDIUMCONST    	7E04	0000	13
		_hid_rpt01_j1  		MEDIUMCONST    	7EC5	0000	75
		_hid_rpt01_k1  		MEDIUMCONST    	7F0F	0000	64
		_hid_rpt01_j2  		MEDIUMCONST    	7E7B	0000	75
		_sd000         		MEDIUMCONST    	7FFA	0000	5

shared estimated size: 622

../usb_callback.c
		_USBCBErrorHandler		CODE           	67F6	0000	3
		_USBCBWakeFromSuspend		CODE           	67FC	0000	3
		_USER_USB_CALLBACK_EVENT_HANDLER		CODE           	6B98	0000	129
		_USBCBStdSetDscHandler		CODE           	67F8	0000	3
		_USBCBInitEP   		CODE           	698A	0000	63
		_USBCB_SOF_Handler		CODE           	67FE	0000	3
		_USBCBSuspend  		CODE           	67FA	0000	3
		_USBCBCheckOtherReq		CODE           	694C	0000	63

../usb_callback.c estimated size: 270

../USB Stack/keyboard1_hid.c
		_USBCheckHIDRequest_k1		CODE           	72A4	0000	223

../USB Stack/keyboard1_hid.c estimated size: 223

