Microchip MPLAB XC8 Compiler V1.45 ()

Linker command line:

-W-3 --edf=/Applications/microchip/xc8/v1.45/dat/en_msgs.txt -cs \
  -h+dist/default/production/KaJUSBhub.X.production.sym \
  --cmf=dist/default/production/KaJUSBhub.X.production.cmf -z -Q18F4550 \
  -o/tmp/xcVvzaDxx -Mdist/default/production/KaJUSBhub.X.production.map -E1 \
  -ver=XC8 -ASTACK=01C3h-03ffh -pstack=STACK -ACODE=00h-07FFFh \
  -ACONST=00h-07FFFh -ASMALLCONST=0800h-08FFhx120 \
  -AMEDIUMCONST=0800h-07FFFh -ACOMRAM=01h-05Fh -AABS1=00h-07FFh \
  -ABIGRAM=01h-07FFh -ARAM=060h-0FFh,0100h-01FFhx7 -ABANK0=060h-0FFh \
  -ABANK1=0100h-01FFh -ABANK2=0200h-02FFh -ABANK3=0300h-03FFh \
  -ABANK4=0400h-04FFh -ABANK5=0500h-05FFh -ABANK6=0600h-06FFh \
  -ABANK7=0700h-07FFh -ASFR=0F60h-0FFFh \
  -preset_vec=00h,intcode,intcodelo,powerup,init -pramtop=0800h \
  -psmallconst=SMALLCONST -pmediumconst=MEDIUMCONST -pconst=CONST \
  -AFARRAM=00h-00h -ACONFIG=0300000h-030000Dh -pconfig=CONFIG \
  -AIDLOC=0200000h-0200007h -pidloc=IDLOC -AEEDATA=0F00000h-0F000FFh \
  -peeprom_data=EEDATA \
  -prdata=COMRAM,nvrram=COMRAM,nvbit=COMRAM,rbss=COMRAM,rbit=COMRAM \
  -pfarbss=FARRAM,fardata=FARRAM,nvFARRAM=FARRAM \
  -pintsave_regs=BIGRAM,bigbss=BIGRAM,bigdata=BIGRAM -pbss=RAM \
  -pidata=CODE,irdata=CODE,ibigdata=CODE,ifardata=CODE -prparam=COMRAM \
  /tmp/xcfBA61Ko.obj dist/default/production/KaJUSBhub.X.production.obj 

Object code version is 3.11

Machine type is 18F4550

Call graph: (short form)




                Name                               Link     Load   Length Selector   Space Scale
/tmp/xcfBA61Ko.obj
                init                                  0        0        4        0       0
                idloc                            200000   200000        8   200000       0
                config                           300000   300000        E   300000       0
dist/default/production/KaJUSBhub.X.production.obj
                mediumconst                        7DC2     7DC2      23E     3EE1       0
                text52                             6C20     6C20      116     3610       0
                text51                             56FE     56FE       30     2B7F       0
                text50                             5AC2     5AC2       8A     2D61       0
                text49                             6A34     6A34       F6     351A       0
                text48                             5854     5854       52     2C2A       0
                text47                             6B2A     6B2A       F6     3595       0
                text46                             6760     6760       EC     33B0       0
                text45                             5CF8     5CF8       94     2E7C       0
                text44                             612A     612A       DE     3095       0
                text43                             6208     6208       DE     3104       0
                text42                             62E6     62E6       E0     3173       0
                text41                             57D8     57D8       3E     2BEC       0
                text40                             561E     561E        2     2B0F       0
                text39                             5B4C     5B4C       8A     2DA6       0
                text38                             579C     579C       3C     2BCE       0
                text37                             5D8C     5D8C       9C     2EC6       0
                text36                             5816     5816       3E     2C0B       0
                text35                             5620     5620        2     2B10       0
                text34                             5622     5622        2     2B11       0
                text33                             5624     5624        2     2B12       0
                text32                             5626     5626        2     2B13       0
                text31                             5A42     5A42       80     2D21       0
                text30                             56A4     56A4       2C     2B52       0
                text29                             5960     5960       6C     2CB0       0
                text28                             6052     6052       D8     3029       0
                text27                             73E8     73E8      1A2     39F4       0
                text26                             58A6     58A6       52     2C53       0
                text25                             5F8C     5F8C       C6     2FC6       0
                text24                             5C66     5C66       92     2E33       0
                text23                             572E     572E       36     2B97       0
                text22                             5632     5632       24     2B19       0
                text21                             567A     567A       2A     2B3D       0
                text20                             6D36     6D36      130     369B       0
                text19                             6E66     6E66      148     3733       0
                text18                             63C6     63C6       E4     31E3       0
                text17                             58F8     58F8       68     2C7C       0
                text16                             5628     5628        A     2B14       0
                text15                             5ED6     5ED6       B6     2F6B       0
                text14                             6590     6590       E8     32C8       0
                text13                             6678     6678       E8     333C       0
                text12                             6FAE     6FAE      15A     37D7       0
                text11                             5E28     5E28       AE     2F14       0
                text10                             5764     5764       38     2BB2       0
                text9                              758A     758A      1AC     3AC5       0
                text8                              64AA     64AA       E6     3255       0
                text7                              5BD6     5BD6       90     2DEB       0
                text6                              684C     684C       F4     3426       0
                text5                              5656     5656       24     2B2B       0
                text4                              6940     6940       F4     34A0       0
                text3                              7262     7262      186     3931       0
                text2                              7736     7736      68C     3B9B       0
                text1                              7108     7108      15A     3884       0
                text0                              59CC     59CC       76     2CE6       0
                cstackCOMRAM                          1        1       47        1       1
                bssBANK1                            100      100       C3      100       1
                bssBANK0                             60       60       62       60       1
                bssCOMRAM                            48       48       18        1       1
                cinit                              56D0     56D0       2E     2B68       0

TOTAL           Name                               Link     Load   Length     Space
        CLASS   STACK          

        CLASS   CODE           
                init                                  0        0        4         0
                text52                             6C20     6C20      116         0
                text51                             56FE     56FE       30         0
                text50                             5AC2     5AC2       8A         0
                text49                             6A34     6A34       F6         0
                text48                             5854     5854       52         0
                text47                             6B2A     6B2A       F6         0
                text46                             6760     6760       EC         0
                text45                             5CF8     5CF8       94         0
                text44                             612A     612A       DE         0
                text43                             6208     6208       DE         0
                text42                             62E6     62E6       E0         0
                text41                             57D8     57D8       3E         0
                text40                             561E     561E        2         0
                text39                             5B4C     5B4C       8A         0
                text38                             579C     579C       3C         0
                text37                             5D8C     5D8C       9C         0
                text36                             5816     5816       3E         0
                text35                             5620     5620        2         0
                text34                             5622     5622        2         0
                text33                             5624     5624        2         0
                text32                             5626     5626        2         0
                text31                             5A42     5A42       80         0
                text30                             56A4     56A4       2C         0
                text29                             5960     5960       6C         0
                text28                             6052     6052       D8         0
                text27                             73E8     73E8      1A2         0
                text26                             58A6     58A6       52         0
                text25                             5F8C     5F8C       C6         0
                text24                             5C66     5C66       92         0
                text23                             572E     572E       36         0
                text22                             5632     5632       24         0
                text21                             567A     567A       2A         0
                text20                             6D36     6D36      130         0
                text19                             6E66     6E66      148         0
                text18                             63C6     63C6       E4         0
                text17                             58F8     58F8       68         0
                text16                             5628     5628        A         0
                text15                             5ED6     5ED6       B6         0
                text14                             6590     6590       E8         0
                text13                             6678     6678       E8         0
                text12                             6FAE     6FAE      15A         0
                text11                             5E28     5E28       AE         0
                text10                             5764     5764       38         0
                text9                              758A     758A      1AC         0
                text8                              64AA     64AA       E6         0
                text7                              5BD6     5BD6       90         0
                text6                              684C     684C       F4         0
                text5                              5656     5656       24         0
                text4                              6940     6940       F4         0
                text3                              7262     7262      186         0
                text2                              7736     7736      68C         0
                text1                              7108     7108      15A         0
                text0                              59CC     59CC       76         0
                cinit                              56D0     56D0       2E         0

        CLASS   CONST          

        CLASS   SMALLCONST     

        CLASS   MEDIUMCONST    
                mediumconst                        7DC2     7DC2      23E         0

        CLASS   COMRAM         
                cstackCOMRAM                          1        1       47         1
                bssCOMRAM                            48       48       18         1

        CLASS   ABS1           
                abs_s1                              400      400       40         1
                abs_s1                              500      500        8         1
                abs_s1                              520      520        8         1
                abs_s1                              530      530      100         1
                abs_s1                              613      613        7         1
                abs_s1                              656      656        7         1
                abs_s1                              67A      67A        9         1

        CLASS   BIGRAM         

        CLASS   RAM            

        CLASS   BANK0          
                bssBANK0                             60       60       62         1

        CLASS   BANK1          
                bssBANK1                            100      100       C3         1

        CLASS   BANK2          

        CLASS   BANK3          

        CLASS   BANK4          

        CLASS   BANK5          

        CLASS   BANK6          

        CLASS   BANK7          

        CLASS   SFR            

        CLASS   FARRAM         

        CLASS   CONFIG         
                config                           300000   300000        E         0

        CLASS   IDLOC          
                idloc                            200000   200000        8         0

        CLASS   EEDATA         



SEGMENTS        Name                           Load    Length   Top    Selector   Space  Class

                reset_vec                      000000  000004  000004         0       0  CODE    
                cstackCOMRAM                   000001  00005F  000060         1       1  COMRAM  
                bssBANK0                       000060  000062  0000C2        60       1  BANK0   
                bssBANK1                       000100  0000C3  0001C3       100       1  BANK1   
                text40                         00561E  000002  005620      2B0F       0  CODE    
                text35                         005620  000002  005622      2B10       0  CODE    
                text34                         005622  000002  005624      2B11       0  CODE    
                text33                         005624  000002  005626      2B12       0  CODE    
                text32                         005626  000002  005628      2B13       0  CODE    
                text16                         005628  00000A  005632      2B14       0  CODE    
                text22                         005632  000024  005656      2B19       0  CODE    
                text5                          005656  000024  00567A      2B2B       0  CODE    
                text21                         00567A  00002A  0056A4      2B3D       0  CODE    
                text30                         0056A4  00002C  0056D0      2B52       0  CODE    
                cinit                          0056D0  00002E  0056FE      2B68       0  CODE    
                text51                         0056FE  000030  00572E      2B7F       0  CODE    
                text23                         00572E  000036  005764      2B97       0  CODE    
                text10                         005764  000038  00579C      2BB2       0  CODE    
                text38                         00579C  00003C  0057D8      2BCE       0  CODE    
                text41                         0057D8  00003E  005816      2BEC       0  CODE    
                text36                         005816  00003E  005854      2C0B       0  CODE    
                text48                         005854  000052  0058A6      2C2A       0  CODE    
                text26                         0058A6  000052  0058F8      2C53       0  CODE    
                text17                         0058F8  000068  005960      2C7C       0  CODE    
                text29                         005960  00006C  0059CC      2CB0       0  CODE    
                text0                          0059CC  000076  005A42      2CE6       0  CODE    
                text31                         005A42  000080  005AC2      2D21       0  CODE    
                text50                         005AC2  00008A  005B4C      2D61       0  CODE    
                text39                         005B4C  00008A  005BD6      2DA6       0  CODE    
                text7                          005BD6  000090  005C66      2DEB       0  CODE    
                text24                         005C66  000092  005CF8      2E33       0  CODE    
                text45                         005CF8  000094  005D8C      2E7C       0  CODE    
                text37                         005D8C  00009C  005E28      2EC6       0  CODE    
                text11                         005E28  0000AE  005ED6      2F14       0  CODE    
                text15                         005ED6  0000B6  005F8C      2F6B       0  CODE    
                text25                         005F8C  0000C6  006052      2FC6       0  CODE    
                text28                         006052  0000D8  00612A      3029       0  CODE    
                text44                         00612A  0000DE  006208      3095       0  CODE    
                text43                         006208  0000DE  0062E6      3104       0  CODE    
                text42                         0062E6  0000E0  0063C6      3173       0  CODE    
                text18                         0063C6  0000E4  0064AA      31E3       0  CODE    
                text8                          0064AA  0000E6  006590      3255       0  CODE    
                text14                         006590  0000E8  006678      32C8       0  CODE    
                text13                         006678  0000E8  006760      333C       0  CODE    
                text46                         006760  0000EC  00684C      33B0       0  CODE    
                text6                          00684C  0000F4  006940      3426       0  CODE    
                text4                          006940  0000F4  006A34      34A0       0  CODE    
                text49                         006A34  0000F6  006B2A      351A       0  CODE    
                text47                         006B2A  0000F6  006C20      3595       0  CODE    
                text52                         006C20  000116  006D36      3610       0  CODE    
                text20                         006D36  000130  006E66      369B       0  CODE    
                text19                         006E66  000148  006FAE      3733       0  CODE    
                text12                         006FAE  00015A  007108      37D7       0  CODE    
                text1                          007108  00015A  007262      3884       0  CODE    
                text3                          007262  000186  0073E8      3931       0  CODE    
                text27                         0073E8  0001A2  00758A      39F4       0  CODE    
                text9                          00758A  0001AC  007736      3AC5       0  CODE    
                text2                          007736  00068C  007DC2      3B9B       0  CODE    
                mediumconst                    007DC2  00023E  008000      3EE1       0  MEDIUMCO
                idloc                          200000  000008  200008    200000       0  IDLOC   
                config                         300000  00000E  30000E    300000       0  CONFIG  


UNUSED ADDRESS RANGES

        Name                Unused          Largest block    Delta
        BANK0            0000C2-0000FF               3E
        BANK1            0001C3-0001FF               3D
        BANK2            000200-0002FF              100
        BANK3            000300-0003FF              100
        BANK4            000440-0004FF               C0
        BANK5            000508-00051F               18
                         000528-00052F                8
        BANK6            000630-000655               26
                         00065D-000679               1D
                         000683-0006FF               7D
        BANK7            000700-0007FF              100
        BIGRAM           0000C2-0000FF               3E
                         0001C3-0003FF              23D
                         000440-0004FF               C0
                         000508-00051F               18
                         000528-00052F                8
                         000630-000655               26
                         00065D-000679               1D
                         000683-0007FF              17D
        CODE             000004-00561D             561A
        CONST            000004-00561D             561A
        EEDATA           F00000-F000FF              100
        MEDIUMCONST      000800-00561D             4E1E
        RAM              0000C2-0000FF               3E
                         0001C3-0003FF              100
                         000440-0004FF               C0
                         000508-00051F               18
                         000528-00052F                8
                         000630-000655               26
                         00065D-000679               1D
                         000683-0007FF               7D
        SFR              000F60-000FFF               A0
        SMALLCONST       000800-00561D              100
        STACK            0001C3-0003FF              23D

                                  Symbol Table

?_USBTransferOnePacket                    cstackCOMRAM 000001
?___awtoft                                cstackCOMRAM 000009
?___ftadd                                 cstackCOMRAM 00002B
?___ftdiv                                 cstackCOMRAM 00000D
?___ftmul                                 cstackCOMRAM 00001C
?___ftneg                                 cstackCOMRAM 000001
?___ftpack                                cstackCOMRAM 000001
?___fttol                                 cstackCOMRAM 000001
?_readADC                                 cstackCOMRAM 000037
USBCBSendResume@delay_count               bssBANK0     0000AD
USBConfigureEndpoint@EPNum                cstackCOMRAM 000005
USBConfigureEndpoint@direction            cstackCOMRAM 000001
USBConfigureEndpoint@handle               cstackCOMRAM 000006
USBConfigureEndpoint@workaround           cstackCOMRAM 000004
USBCtrlEPService@setup_cnt                cstackCOMRAM 000016
USBCtrlTrfInHandler@lastDTS               cstackCOMRAM 000005
USBCtrlTrfRxService@byteToRead            cstackCOMRAM 000004
USBCtrlTrfRxService@i                     cstackCOMRAM 000003
USBCtrlTrfTxService@byteToSend            cstackCOMRAM 000003
USBDeviceInit@i                           cstackCOMRAM 000009
USBDeviceTasks@i                          cstackCOMRAM 000018
USBEnableEndpoint@ep                      cstackCOMRAM 00000B
USBEnableEndpoint@options                 cstackCOMRAM 000008
USBEnableEndpoint@p                       cstackCOMRAM 000009
USBPrepareForNextSetupTrf@p               cstackCOMRAM 000001
USBStdFeatureReqHandler@p                 cstackCOMRAM 000004
USBStdFeatureReqHandler@pUEP              cstackCOMRAM 000002
USBStdGetStatusHandler@p                  cstackCOMRAM 000002
USBTransferOnePacket@data                 cstackCOMRAM 000002
USBTransferOnePacket@dir                  cstackCOMRAM 000001
USBTransferOnePacket@ep                   cstackCOMRAM 000005
USBTransferOnePacket@handle               cstackCOMRAM 000006
USBTransferOnePacket@len                  cstackCOMRAM 000004
USER_USB_CALLBACK_EVENT_HANDLER@event     cstackCOMRAM 00000C
USER_USB_CALLBACK_EVENT_HANDLER@pdata     cstackCOMRAM 00000E
USER_USB_CALLBACK_EVENT_HANDLER@size      cstackCOMRAM 000010
_ADCON0                                   (abs)        000FC2
_ADCON1                                   (abs)        000FC1
_ADCON2                                   (abs)        000FC0
_ADRESH                                   (abs)        000FC4
_ADRESL                                   (abs)        000FC3
_BDT                                      (abs)        000400
_BothEP0OutUOWNsSet                       bssBANK0     0000BA
_CtrlTrfData                              (abs)        000520
_GODONE                                   (abs)        007E11
_Keyboard_out                             bssBANK0     0000B9
_OutBuffer                                bssBANK0     000087
_PIR2bits                                 (abs)        000FA1
_PKTDIS                                   (abs)        007B6C
_PORTA                                    (abs)        000F80
_PORTB                                    (abs)        000F81
_PORTC                                    (abs)        000F82
_PORTD                                    (abs)        000F83
_PORTE                                    (abs)        000F84
_RA4                                      (abs)        007C04
_RA5                                      (abs)        007C05
_RB0                                      (abs)        007C08
_RB1                                      (abs)        007C09
_RB2                                      (abs)        007C0A
_RB3                                      (abs)        007C0B
_RB4                                      (abs)        007C0C
_RB5                                      (abs)        007C0D
_RB6                                      (abs)        007C0E
_RB7                                      (abs)        007C0F
_RBPU                                     (abs)        007F8F
_RC0                                      (abs)        007C10
_RC1                                      (abs)        007C11
_RC2                                      (abs)        007C12
_RESUME                                   (abs)        007B6A
_RemoteWakeup                             bssBANK0     0000BB
_SE0                                      (abs)        007B6D
_SUSPND                                   (abs)        007B69
_SetupPkt                                 (abs)        000500
_TRISA                                    (abs)        000F92
_TRISA4                                   (abs)        007C94
_TRISA5                                   (abs)        007C95
_TRISB                                    (abs)        000F93
_TRISC                                    (abs)        000F94
_TRISD                                    (abs)        000F95
_TRISD0                                   (abs)        007CA8
_TRISD1                                   (abs)        007CA9
_TRISD2                                   (abs)        007CAA
_TRISD3                                   (abs)        007CAB
_TRISD4                                   (abs)        007CAC
_TRISD5                                   (abs)        007CAD
_TRISD6                                   (abs)        007CAE
_TRISD7                                   (abs)        007CAF
_TRISE                                    (abs)        000F96
_UADDR                                    (abs)        000F6E
_UCFG                                     (abs)        000F6F
_UCON                                     (abs)        000F6D
_UCONbits                                 (abs)        000F6D
_UEIE                                     (abs)        000F6B
_UEIR                                     (abs)        000F6A
_UEP0                                     (abs)        000F70
_UEP0bits                                 (abs)        000F70
_UEP1                                     (abs)        000F71
_UIE                                      (abs)        000F69
_UIEbits                                  (abs)        000F69
_UIR                                      (abs)        000F68
_UIRbits                                  (abs)        000F68
_USBActiveConfiguration                   bssCOMRAM    00005F
_USBAlternateInterface                    bssCOMRAM    00005E
_USBCBCheckOtherReq                       text41       0057D8
_USBCBErrorHandler                        text40       00561E
_USBCBInitEP                              text36       005816
_USBCBStdSetDscHandler                    text35       005620
_USBCBSuspend                             text34       005622
_USBCBWakeFromSuspend                     text33       005624
_USBCB_SOF_Handler                        text32       005626
_USBCheckHIDRequest_j1                    text44       00612A
_USBCheckHIDRequest_j2                    text43       006208
_USBCheckHIDRequest_k1                    text42       0062E6
_USBCheckStdRequest                       text28       006052
_USBConfigureEndpoint                     text39       005B4C
_USBCtrlEPService                         text25       005F8C
_USBCtrlEPServiceComplete                 text27       0073E8
_USBCtrlTrfInHandler                      text50       005AC2
_USBCtrlTrfOutHandler                     text48       005854
_USBCtrlTrfRxService                      text49       006A34
_USBCtrlTrfSetupHandler                   text26       0058A6
_USBCtrlTrfTxService                      text52       006C20
_USBDeviceInit                            text24       005C66
_USBDeviceState                           bssCOMRAM    00005C
_USBDeviceTasks                           text20       006D36
_USBEnableEndpoint                        text38       00579C
_USBInData                                bssBANK0     00007E
_USBInMaxPacketSize                       bssBANK0     0000A7
_USBPrepareForNextSetupTrf                text51       0056FE
_USBStallHandler                          text23       00572E
_USBStdFeatureReqHandler                  text47       006B2A
_USBStdGetDscHandler                      text46       006760
_USBStdGetStatusHandler                   text45       005CF8
_USBStdSetCfgHandler                      text29       005960
_USBSuspend                               text22       005632
_USBTransferOnePacket                     text37       005D8C
_USBWakeFromSuspend                       text21       00567A
_USB_CD_Ptr                               mediumconst  007E10
_USB_SD_Ptr                               mediumconst  007E04
_USER_USB_CALLBACK_EVENT_HANDLER          text31       005A42
_USTAT                                    (abs)        000F6C
_USTATcopy                                bssCOMRAM    00005D
__CFG_FOSC$HSPLL_HS                       (abs)        000000
__CFG_LVP$OFF                             (abs)        000000
__CFG_PBADEN$OFF                          (abs)        000000
__CFG_PLLDIV$5                            (abs)        000000
__CFG_USBDIV$2                            (abs)        000000
__CFG_VREGEN$ON                           (abs)        000000
__CFG_WDT$OFF                             (abs)        000000
__HRAM                                    (abs)        000000
__Habs1                                   abs1         000000
__Hbank0                                  bank0        000000
__Hbank1                                  bank1        000000
__Hbank2                                  bank2        000000
__Hbank3                                  bank3        000000
__Hbank4                                  bank4        000000
__Hbank5                                  bank5        000000
__Hbank6                                  bank6        000000
__Hbank7                                  bank7        000000
__Hbigbss                                 bigbss       000000
__Hbigdata                                bigdata      000000
__Hbigram                                 bigram       000000
__Hbss                                    bss          000000
__HbssBANK0                               bssBANK0     000000
__HbssBANK1                               bssBANK1     000000
__HbssCOMRAM                              bssCOMRAM    000000
__Hcinit                                  cinit        000000
__Hclrtext                                clrtext      000000
__Hcomram                                 comram       000000
__Hconfig                                 config       30000E
__Hconst                                  const        000000
__HcstackCOMRAM                           cstackCOMRAM 000000
__Hdata                                   data         000000
__Heeprom_data                            eeprom_data  000000
__Hfarbss                                 farbss       000000
__Hfardata                                fardata      000000
__Hibigdata                               ibigdata     000000
__Hidata                                  idata        000000
__Hidloc                                  idloc        200008
__Hifardata                               ifardata     000000
__Hinit                                   init         000004
__Hintcode                                intcode      000000
__Hintcode_body                           intcode_body 000000
__Hintcodelo                              intcodelo    000000
__Hintentry                               intentry     000000
__Hintret                                 intret       000000
__Hintsave_regs                           intsave_regs 000000
__Hirdata                                 irdata       000000
__Hmediumconst                            mediumconst  008000
__HnvFARRAM                               nvFARRAM     000000
__Hnvbit                                  nvbit        000000
__Hnvrram                                 nvrram       000000
__Hparam                                  rparam       000000
__Hpowerup                                powerup      000000
__Hram                                    ram          000000
__Hramtop                                 ramtop       000800
__Hrbit                                   rbit         000000
__Hrbss                                   rbss         000000
__Hrdata                                  rdata        000000
__Hreset_vec                              reset_vec    000000
__Hrparam                                 rparam       000000
__Hsfr                                    sfr          000000
__Hsmallconst                             smallconst   000000
__Hspace_0                                (abs)        30000E
__Hspace_1                                (abs)        0001C3
__Hspace_2                                (abs)        000000
__Hstack                                  stack        000000
__Hstruct                                 struct       000000
__Htemp                                   temp         000000
__Htext                                   text         000000
__Htext0                                  text0        000000
__Htext1                                  text1        000000
__Htext10                                 text10       000000
__Htext11                                 text11       000000
__Htext12                                 text12       000000
__Htext13                                 text13       000000
__Htext14                                 text14       000000
__Htext15                                 text15       000000
__Htext16                                 text16       000000
__Htext17                                 text17       000000
__Htext18                                 text18       000000
__Htext19                                 text19       000000
__Htext2                                  text2        000000
__Htext20                                 text20       000000
__Htext21                                 text21       000000
__Htext22                                 text22       000000
__Htext23                                 text23       000000
__Htext24                                 text24       000000
__Htext25                                 text25       000000
__Htext26                                 text26       000000
__Htext27                                 text27       000000
__Htext28                                 text28       000000
__Htext29                                 text29       000000
__Htext3                                  text3        000000
__Htext30                                 text30       000000
__Htext31                                 text31       000000
__Htext32                                 text32       000000
__Htext33                                 text33       000000
__Htext34                                 text34       000000
__Htext35                                 text35       000000
__Htext36                                 text36       000000
__Htext37                                 text37       000000
__Htext38                                 text38       000000
__Htext39                                 text39       000000
__Htext4                                  text4        000000
__Htext40                                 text40       000000
__Htext41                                 text41       000000
__Htext42                                 text42       000000
__Htext43                                 text43       000000
__Htext44                                 text44       000000
__Htext45                                 text45       000000
__Htext46                                 text46       000000
__Htext47                                 text47       000000
__Htext48                                 text48       000000
__Htext49                                 text49       000000
__Htext5                                  text5        000000
__Htext50                                 text50       000000
__Htext51                                 text51       000000
__Htext52                                 text52       000000
__Htext6                                  text6        000000
__Htext7                                  text7        000000
__Htext8                                  text8        000000
__Htext9                                  text9        000000
__LRAM                                    (abs)        000001
__Labs1                                   abs1         000000
__Lbank0                                  bank0        000000
__Lbank1                                  bank1        000000
__Lbank2                                  bank2        000000
__Lbank3                                  bank3        000000
__Lbank4                                  bank4        000000
__Lbank5                                  bank5        000000
__Lbank6                                  bank6        000000
__Lbank7                                  bank7        000000
__Lbigbss                                 bigbss       000000
__Lbigdata                                bigdata      000000
__Lbigram                                 bigram       000000
__Lbss                                    bss          000000
__LbssBANK0                               bssBANK0     000000
__LbssBANK1                               bssBANK1     000000
__LbssCOMRAM                              bssCOMRAM    000000
__Lcinit                                  cinit        000000
__Lclrtext                                clrtext      000000
__Lcomram                                 comram       000000
__Lconfig                                 config       300000
__Lconst                                  const        000000
__LcstackCOMRAM                           cstackCOMRAM 000000
__Ldata                                   data         000000
__Leeprom_data                            eeprom_data  000000
__Lfarbss                                 farbss       000000
__Lfardata                                fardata      000000
__Libigdata                               ibigdata     000000
__Lidata                                  idata        000000
__Lidloc                                  idloc        200000
__Lifardata                               ifardata     000000
__Linit                                   init         000000
__Lintcode                                intcode      000000
__Lintcode_body                           intcode_body 000000
__Lintcodelo                              intcodelo    000000
__Lintentry                               intentry     000000
__Lintret                                 intret       000000
__Lintsave_regs                           intsave_regs 000000
__Lirdata                                 irdata       000000
__Lmediumconst                            mediumconst  007DC2
__LnvFARRAM                               nvFARRAM     000000
__Lnvbit                                  nvbit        000000
__Lnvrram                                 nvrram       000000
__Lparam                                  rparam       000000
__Lpowerup                                powerup      000000
__Lram                                    ram          000000
__Lramtop                                 ramtop       000800
__Lrbit                                   rbit         000000
__Lrbss                                   rbss         000000
__Lrdata                                  rdata        000000
__Lreset_vec                              reset_vec    000000
__Lrparam                                 rparam       000000
__Lsfr                                    sfr          000000
__Lsmallconst                             smallconst   000000
__Lspace_0                                (abs)        000000
__Lspace_1                                (abs)        000000
__Lspace_2                                (abs)        000000
__Lstack                                  stack        000000
__Lstruct                                 struct       000000
__Ltemp                                   temp         000000
__Ltext                                   text         000000
__Ltext0                                  text0        000000
__Ltext1                                  text1        000000
__Ltext10                                 text10       000000
__Ltext11                                 text11       000000
__Ltext12                                 text12       000000
__Ltext13                                 text13       000000
__Ltext14                                 text14       000000
__Ltext15                                 text15       000000
__Ltext16                                 text16       000000
__Ltext17                                 text17       000000
__Ltext18                                 text18       000000
__Ltext19                                 text19       000000
__Ltext2                                  text2        000000
__Ltext20                                 text20       000000
__Ltext21                                 text21       000000
__Ltext22                                 text22       000000
__Ltext23                                 text23       000000
__Ltext24                                 text24       000000
__Ltext25                                 text25       000000
__Ltext26                                 text26       000000
__Ltext27                                 text27       000000
__Ltext28                                 text28       000000
__Ltext29                                 text29       000000
__Ltext3                                  text3        000000
__Ltext30                                 text30       000000
__Ltext31                                 text31       000000
__Ltext32                                 text32       000000
__Ltext33                                 text33       000000
__Ltext34                                 text34       000000
__Ltext35                                 text35       000000
__Ltext36                                 text36       000000
__Ltext37                                 text37       000000
__Ltext38                                 text38       000000
__Ltext39                                 text39       000000
__Ltext4                                  text4        000000
__Ltext40                                 text40       000000
__Ltext41                                 text41       000000
__Ltext42                                 text42       000000
__Ltext43                                 text43       000000
__Ltext44                                 text44       000000
__Ltext45                                 text45       000000
__Ltext46                                 text46       000000
__Ltext47                                 text47       000000
__Ltext48                                 text48       000000
__Ltext49                                 text49       000000
__Ltext5                                  text5        000000
__Ltext50                                 text50       000000
__Ltext51                                 text51       000000
__Ltext52                                 text52       000000
__Ltext6                                  text6        000000
__Ltext7                                  text7        000000
__Ltext8                                  text8        000000
__Ltext9                                  text9        000000
__S0                                      (abs)        30000E
__S1                                      (abs)        0001C3
__S2                                      (abs)        000000
___awtoft                                 text10       005764
___awtoft@c                               cstackCOMRAM 000009
___awtoft@sign                            cstackCOMRAM 00000C
___ftadd                                  text9        00758A
___ftadd@exp1                             cstackCOMRAM 000036
___ftadd@exp2                             cstackCOMRAM 000035
___ftadd@f1                               cstackCOMRAM 00002B
___ftadd@f2                               cstackCOMRAM 00002E
___ftadd@sign                             cstackCOMRAM 000034
___ftdiv                                  text8        0064AA
___ftdiv@cntr                             cstackCOMRAM 000016
___ftdiv@exp                              cstackCOMRAM 00001A
___ftdiv@f1                               cstackCOMRAM 00000D
___ftdiv@f2                               cstackCOMRAM 000010
___ftdiv@f3                               cstackCOMRAM 000017
___ftdiv@sign                             cstackCOMRAM 00001B
___ftge                                   text7        005BD6
___ftge@ff1                               cstackCOMRAM 000001
___ftge@ff2                               cstackCOMRAM 000004
___ftmul                                  text6        00684C
___ftmul@cntr                             cstackCOMRAM 000029
___ftmul@exp                              cstackCOMRAM 000025
___ftmul@f1                               cstackCOMRAM 00001C
___ftmul@f2                               cstackCOMRAM 00001F
___ftmul@f3_as_product                    cstackCOMRAM 000026
___ftmul@sign                             cstackCOMRAM 00002A
___ftneg                                  text5        005656
___ftneg@f1                               cstackCOMRAM 000001
___ftpack                                 text11       005E28
___ftpack@arg                             cstackCOMRAM 000001
___ftpack@exp                             cstackCOMRAM 000004
___ftpack@sign                            cstackCOMRAM 000005
___fttol                                  text4        006940
___fttol@exp1                             cstackCOMRAM 00000F
___fttol@f1                               cstackCOMRAM 000001
___fttol@lval                             cstackCOMRAM 00000B
___fttol@sign1                            cstackCOMRAM 00000A
___inthi_sp                               stack        000000
___intlo_sp                               stack        000000
___param_bank                             (abs)        000000
___rparam_used                            (abs)        000001
___sp                                     stack        000000
__accesstop                               (abs)        000060
__activetblptr                            (abs)        000002
__end_of_USBCBCheckOtherReq               text41       005816
__end_of_USBCBErrorHandler                text40       005620
__end_of_USBCBInitEP                      text36       005854
__end_of_USBCBStdSetDscHandler            text35       005622
__end_of_USBCBSuspend                     text34       005624
__end_of_USBCBWakeFromSuspend             text33       005626
__end_of_USBCB_SOF_Handler                text32       005628
__end_of_USBCheckHIDRequest_j1            text44       006208
__end_of_USBCheckHIDRequest_j2            text43       0062E6
__end_of_USBCheckHIDRequest_k1            text42       0063C6
__end_of_USBCheckStdRequest               text28       00612A
__end_of_USBConfigureEndpoint             text39       005BD6
__end_of_USBCtrlEPService                 text25       006052
__end_of_USBCtrlEPServiceComplete         text27       00758A
__end_of_USBCtrlTrfInHandler              text50       005B4C
__end_of_USBCtrlTrfOutHandler             text48       0058A6
__end_of_USBCtrlTrfRxService              text49       006B2A
__end_of_USBCtrlTrfSetupHandler           text26       0058F8
__end_of_USBCtrlTrfTxService              text52       006D36
__end_of_USBDeviceInit                    text24       005CF8
__end_of_USBDeviceTasks                   text20       006E66
__end_of_USBEnableEndpoint                text38       0057D8
__end_of_USBPrepareForNextSetupTrf        text51       00572E
__end_of_USBStallHandler                  text23       005764
__end_of_USBStdFeatureReqHandler          text47       006C20
__end_of_USBStdGetDscHandler              text46       00684C
__end_of_USBStdGetStatusHandler           text45       005D8C
__end_of_USBStdSetCfgHandler              text29       0059CC
__end_of_USBSuspend                       text22       005656
__end_of_USBTransferOnePacket             text37       005E28
__end_of_USBWakeFromSuspend               text21       0056A4
__end_of_USB_CD_Ptr                       mediumconst  007E12
__end_of_USB_SD_Ptr                       mediumconst  007E10
__end_of_USER_USB_CALLBACK_EVENT_HANDLER  text31       005AC2
__end_of___awtoft                         text10       00579C
__end_of___ftadd                          text9        007736
__end_of___ftdiv                          text8        006590
__end_of___ftge                           text7        005C66
__end_of___ftmul                          text6        006940
__end_of___ftneg                          text5        00567A
__end_of___ftpack                         text11       005ED6
__end_of___fttol                          text4        006A34
__end_of__initialization                  cinit        0056F4
__end_of_configDescriptor1                mediumconst  007E7B
__end_of_debounceKeyboard                 text19       006FAE
__end_of_device_dsc                       mediumconst  007FFA
__end_of_hid_rpt01_j1                     mediumconst  007F0F
__end_of_hid_rpt01_j2                     mediumconst  007EC5
__end_of_hid_rpt01_k1                     mediumconst  007F4E
__end_of_initialise                       text16       005632
__end_of_initialiseJoysticks              text18       0064AA
__end_of_initialiseKeyboard               text17       005960
__end_of_keyboardBlocking                 text15       005F8C
__end_of_keymap                           mediumconst  007E04
__end_of_main                             text0        005A42
__end_of_memset                           text30       0056D0
__end_of_processJoystick_j1               text14       006678
__end_of_processJoystick_j2               text13       006760
__end_of_processKeyboard                  text12       007108
__end_of_readADC                          text3        0073E8
__end_of_readJoystickState                text2        007DC2
__end_of_readKeyboardState                text1        007262
__end_of_sd000                            mediumconst  007FFE
__end_of_sd001                            mediumconst  007FE8
__end_of_sd002                            mediumconst  007FB8
__end_of_sd003                            mediumconst  007F96
__end_of_sd004                            mediumconst  007F72
__end_of_sd005                            mediumconst  007FD2
__initialization                          cinit        0056D0
__mediumconst                             mediumconst  007DC2
__pbssBANK0                               bssBANK0     000060
__pbssBANK1                               bssBANK1     000100
__pbssCOMRAM                              bssCOMRAM    000048
__pcinit                                  cinit        0056D0
__pcstackCOMRAM                           cstackCOMRAM 000001
__pmediumconst                            mediumconst  007DC2
__ptext0                                  text0        0059CC
__ptext1                                  text1        007108
__ptext10                                 text10       005764
__ptext11                                 text11       005E28
__ptext12                                 text12       006FAE
__ptext13                                 text13       006678
__ptext14                                 text14       006590
__ptext15                                 text15       005ED6
__ptext16                                 text16       005628
__ptext17                                 text17       0058F8
__ptext18                                 text18       0063C6
__ptext19                                 text19       006E66
__ptext2                                  text2        007736
__ptext20                                 text20       006D36
__ptext21                                 text21       00567A
__ptext22                                 text22       005632
__ptext23                                 text23       00572E
__ptext24                                 text24       005C66
__ptext25                                 text25       005F8C
__ptext26                                 text26       0058A6
__ptext27                                 text27       0073E8
__ptext28                                 text28       006052
__ptext29                                 text29       005960
__ptext3                                  text3        007262
__ptext30                                 text30       0056A4
__ptext31                                 text31       005A42
__ptext32                                 text32       005626
__ptext33                                 text33       005624
__ptext34                                 text34       005622
__ptext35                                 text35       005620
__ptext36                                 text36       005816
__ptext37                                 text37       005D8C
__ptext38                                 text38       00579C
__ptext39                                 text39       005B4C
__ptext4                                  text4        006940
__ptext40                                 text40       00561E
__ptext41                                 text41       0057D8
__ptext42                                 text42       0062E6
__ptext43                                 text43       006208
__ptext44                                 text44       00612A
__ptext45                                 text45       005CF8
__ptext46                                 text46       006760
__ptext47                                 text47       006B2A
__ptext48                                 text48       005854
__ptext49                                 text49       006A34
__ptext5                                  text5        005656
__ptext50                                 text50       005AC2
__ptext51                                 text51       0056FE
__ptext52                                 text52       006C20
__ptext6                                  text6        00684C
__ptext7                                  text7        005BD6
__ptext8                                  text8        0064AA
__ptext9                                  text9        00758A
__ramtop                                  ramtop       000800
__size_of_USBCBCheckOtherReq              (abs)        000000
__size_of_USBCBErrorHandler               (abs)        000000
__size_of_USBCBInitEP                     (abs)        000000
__size_of_USBCBStdSetDscHandler           (abs)        000000
__size_of_USBCBSuspend                    (abs)        000000
__size_of_USBCBWakeFromSuspend            (abs)        000000
__size_of_USBCB_SOF_Handler               (abs)        000000
__size_of_USBCheckHIDRequest_j1           (abs)        000000
__size_of_USBCheckHIDRequest_j2           (abs)        000000
__size_of_USBCheckHIDRequest_k1           (abs)        000000
__size_of_USBCheckStdRequest              (abs)        000000
__size_of_USBConfigureEndpoint            (abs)        000000
__size_of_USBCtrlEPService                (abs)        000000
__size_of_USBCtrlEPServiceComplete        (abs)        000000
__size_of_USBCtrlTrfInHandler             (abs)        000000
__size_of_USBCtrlTrfOutHandler            (abs)        000000
__size_of_USBCtrlTrfRxService             (abs)        000000
__size_of_USBCtrlTrfSetupHandler          (abs)        000000
__size_of_USBCtrlTrfTxService             (abs)        000000
__size_of_USBDeviceInit                   (abs)        000000
__size_of_USBDeviceTasks                  (abs)        000000
__size_of_USBEnableEndpoint               (abs)        000000
__size_of_USBPrepareForNextSetupTrf       (abs)        000000
__size_of_USBStallHandler                 (abs)        000000
__size_of_USBStdFeatureReqHandler         (abs)        000000
__size_of_USBStdGetDscHandler             (abs)        000000
__size_of_USBStdGetStatusHandler          (abs)        000000
__size_of_USBStdSetCfgHandler             (abs)        000000
__size_of_USBSuspend                      (abs)        000000
__size_of_USBTransferOnePacket            (abs)        000000
__size_of_USBWakeFromSuspend              (abs)        000000
__size_of_USER_USB_CALLBACK_EVENT_HANDLER (abs)        000000
__size_of___awtoft                        (abs)        000000
__size_of___ftadd                         (abs)        000000
__size_of___ftdiv                         (abs)        000000
__size_of___ftge                          (abs)        000000
__size_of___ftmul                         (abs)        000000
__size_of___ftneg                         (abs)        000000
__size_of___ftpack                        (abs)        000000
__size_of___fttol                         (abs)        000000
__size_of_debounceKeyboard                (abs)        000000
__size_of_initialise                      (abs)        000000
__size_of_initialiseJoysticks             (abs)        000000
__size_of_initialiseKeyboard              (abs)        000000
__size_of_keyboardBlocking                (abs)        000000
__size_of_main                            (abs)        000000
__size_of_memset                          (abs)        000000
__size_of_processJoystick_j1              (abs)        000000
__size_of_processJoystick_j2              (abs)        000000
__size_of_processKeyboard                 (abs)        000000
__size_of_readADC                         (abs)        000000
__size_of_readJoystickState               (abs)        000000
__size_of_readKeyboardState               (abs)        000000
__smallconst                              smallconst   000000
_active_protocol_j1                       bssBANK0     0000C0
_active_protocol_j2                       bssBANK0     0000BE
_active_protocol_k1                       bssBANK0     0000BC
_buffer                                   bssBANK0     00008F
_configDescriptor1                        mediumconst  007E12
_controlTransferState                     bssCOMRAM    00005A
_debounceKeyboard                         text19       006E66
_device_dsc                               mediumconst  007FE8
_hid_report_in_j1                         (abs)        000570
_hid_report_in_j2                         (abs)        0005F0
_hid_report_in_k1                         (abs)        00067B
_hid_report_out_j1                        (abs)        000530
_hid_report_out_j2                        (abs)        0005B0
_hid_report_out_k1                        (abs)        00067A
_hid_rpt01_j1                             mediumconst  007EC5
_hid_rpt01_j2                             mediumconst  007E7B
_hid_rpt01_k1                             mediumconst  007F0F
_idle_rate_j1                             bssBANK0     0000C1
_idle_rate_j2                             bssBANK0     0000BF
_idle_rate_k1                             bssBANK0     0000BD
_inPipes                                  bssCOMRAM    000050
_initialise                               text16       005628
_initialiseJoysticks                      text18       0063C6
_initialiseKeyboard                       text17       0058F8
_joystick                                 bssBANK0     000060
_joystick_input_j1                        (abs)        000613
_joystick_input_j2                        (abs)        000656
_keyboard                                 bssBANK1     000100
_keyboardBlocking                         text15       005ED6
_keymap                                   mediumconst  007DC3
_lastINTransmission_k1                    bssBANK0     0000B5
_lastOUTTransmission_k1                   bssBANK0     0000B3
_lastTransmission_j1                      bssBANK0     0000B1
_lastTransmission_j2                      bssBANK0     0000AF
_main                                     text0        0059CC
_memset                                   text30       0056A4
_outPipes                                 bssBANK0     000097
_pBDTEntryEP0OutCurrent                   bssCOMRAM    000058
_pBDTEntryEP0OutNext                      bssCOMRAM    000056
_pBDTEntryIn                              bssCOMRAM    000048
_pBDTEntryOut                             bssBANK0     00009F
_pDst                                     bssBANK0     0000B7
_processJoystick_j1                       text14       006590
_processJoystick_j1$3064                  cstackCOMRAM 000009
_processJoystick_j2                       text13       006678
_processJoystick_j2$3124                  cstackCOMRAM 000009
_processKeyboard                          text12       006FAE
_processKeyboard$3496                     cstackCOMRAM 000016
_rawKeyboardState                         bssBANK1     000182
_readADC                                  text3        007262
_readADC$4124                             cstackCOMRAM 000039
_readADC$4125                             cstackCOMRAM 00003C
_readJoystickState                        text2        007736
_readKeyboardState                        text1        007108
_sd000                                    mediumconst  007FFA
_sd001                                    mediumconst  007FD2
_sd002                                    mediumconst  007F96
_sd003                                    mediumconst  007F72
_sd004                                    mediumconst  007F4E
_sd005                                    mediumconst  007FB8
_shortPacketStatus                        bssCOMRAM    00005B
debounceKeyboard@currentKeyNumber         cstackCOMRAM 000003
end_of_initialization                     cinit        0056F4
initialiseJoysticks@loop                  cstackCOMRAM 000005
initialiseKeyboard@key                    cstackCOMRAM 000001
intlevel0                                 text         000000
intlevel1                                 text         000000
intlevel2                                 text         000000
intlevel3                                 text         000000
keyboardBlocking@adjacentRowCount         cstackCOMRAM 000004
keyboardBlocking@column                   cstackCOMRAM 000007
keyboardBlocking@currentKeyNumber         cstackCOMRAM 000006
keyboardBlocking@row                      cstackCOMRAM 000005
memset@c                                  cstackCOMRAM 000003
memset@n                                  cstackCOMRAM 000005
memset@p                                  cstackCOMRAM 000007
memset@p1                                 cstackCOMRAM 000001
processKeyboard@key                       cstackCOMRAM 00001C
processKeyboard@keyArray                  cstackCOMRAM 00000A
processKeyboard@keysDetected              cstackCOMRAM 00001A
processKeyboard@modifier                  cstackCOMRAM 000018
readADC@ADCnumber                         cstackCOMRAM 00003F
readADC@adcResult                         cstackCOMRAM 000040
readADC@calc                              cstackCOMRAM 000042
readJoystickState@port                    cstackCOMRAM 000047
readKeyboardState@column                  cstackCOMRAM 000004
readKeyboardState@currentKeyNumber        cstackCOMRAM 000001
readKeyboardState@input                   cstackCOMRAM 000002
readKeyboardState@row                     cstackCOMRAM 000003
stackhi                                   (abs)        0003FF
stacklo                                   (abs)        0001C3
start                                     init         000000
start_initialization                      cinit        0056D0


FUNCTION INFORMATION:

 *************** function _main *****************
 Defined at:
		line 66 in file "../main.c"
 Parameters:    Size  Location     Type
		None
 Auto vars:     Size  Location     Type
		None
 Return value:  Size  Location     Type
                  1    wreg      void 
 Registers used:
		wreg, fsr1l, fsr1h, fsr2l, fsr2h, status,2, status,0, tblptrl, tblptrh, tblptru, prodl, prodh, cstack
 Tracked objects:
		On entry : 
		On exit  : 
		Unchanged: 
 Data sizes:     COMRAM   BANK0   BANK1   BANK2   BANK3   BANK4 BANK5hl  BANK5l  BANK6h BANK6lh BANK6ll   BANK7
      Params:         0       0       0       0       0       0       0       0       0       0       0       0
      Locals:         0       0       0       0       0       0       0       0       0       0       0       0
      Temps:          0       0       0       0       0       0       0       0       0       0       0       0
      Totals:         0       0       0       0       0       0       0       0       0       0       0       0
Total ram usage:        0 bytes
 Hardware stack levels required when called:    9
 This function calls:
		_USBDeviceInit
		_USBDeviceTasks
		_debounceKeyboard
		_initialise
		_keyboardBlocking
		_processJoystick_j1
		_processJoystick_j2
		_processKeyboard
		_readJoystickState
		_readKeyboardState
 This function is called by:
		Startup code after reset
 This function uses a non-reentrant model


 *************** function _readKeyboardState *****************
 Defined at:
		line 73 in file "../keyboard.c"
 Parameters:    Size  Location     Type
		None
 Auto vars:     Size  Location     Type
  column          1    3[COMRAM] unsigned char 
  row             1    2[COMRAM] unsigned char 
  input           1    1[COMRAM] unsigned char 
  currentKeyNu    1    0[COMRAM] unsigned char 
 Return value:  Size  Location     Type
                  1    wreg      void 
 Registers used:
		wreg, fsr2l, fsr2h, status,2, status,0, prodl, prodh
 Tracked objects:
		On entry : 
		On exit  : 
		Unchanged: 
 Data sizes:     COMRAM   BANK0   BANK1   BANK2   BANK3   BANK4 BANK5hl  BANK5l  BANK6h BANK6lh BANK6ll   BANK7
      Params:         0       0       0       0       0       0       0       0       0       0       0       0
      Locals:         4       0       0       0       0       0       0       0       0       0       0       0
      Temps:          0       0       0       0       0       0       0       0       0       0       0       0
      Totals:         4       0       0       0       0       0       0       0       0       0       0       0
Total ram usage:        4 bytes
 Hardware stack levels used:    1
 This function calls:
		Nothing
 This function is called by:
		_main
 This function uses a non-reentrant model


 *************** function _readJoystickState *****************
 Defined at:
		line 67 in file "../joystick.c"
 Parameters:    Size  Location     Type
		None
 Auto vars:     Size  Location     Type
  port            1   70[COMRAM] unsigned char 
 Return value:  Size  Location     Type
                  1    wreg      void 
 Registers used:
		wreg, fsr2l, fsr2h, status,2, status,0, prodl, prodh, cstack
 Tracked objects:
		On entry : 
		On exit  : 
		Unchanged: 
 Data sizes:     COMRAM   BANK0   BANK1   BANK2   BANK3   BANK4 BANK5hl  BANK5l  BANK6h BANK6lh BANK6ll   BANK7
      Params:         0       0       0       0       0       0       0       0       0       0       0       0
      Locals:         1       0       0       0       0       0       0       0       0       0       0       0
      Temps:          2       0       0       0       0       0       0       0       0       0       0       0
      Totals:         3       0       0       0       0       0       0       0       0       0       0       0
Total ram usage:        3 bytes
 Hardware stack levels used:    1
 Hardware stack levels required when called:    3
 This function calls:
		_readADC
 This function is called by:
		_main
 This function uses a non-reentrant model


 *************** function _readADC *****************
 Defined at:
		line 315 in file "../joystick.c"
 Parameters:    Size  Location     Type
  ADCnumber       1    wreg     unsigned char 
 Auto vars:     Size  Location     Type
  ADCnumber       1   62[COMRAM] unsigned char 
  calc            3   65[COMRAM] float 
  adcResult       2   63[COMRAM] int 
 Return value:  Size  Location     Type
                  2   54[COMRAM] int 
 Registers used:
		wreg, status,2, status,0, cstack
 Tracked objects:
		On entry : 
		On exit  : 
		Unchanged: 
 Data sizes:     COMRAM   BANK0   BANK1   BANK2   BANK3   BANK4 BANK5hl  BANK5l  BANK6h BANK6lh BANK6ll   BANK7
      Params:         2       0       0       0       0       0       0       0       0       0       0       0
      Locals:        12       0       0       0       0       0       0       0       0       0       0       0
      Temps:          0       0       0       0       0       0       0       0       0       0       0       0
      Totals:        14       0       0       0       0       0       0       0       0       0       0       0
Total ram usage:       14 bytes
 Hardware stack levels used:    1
 Hardware stack levels required when called:    2
 This function calls:
		___awtoft
		___ftadd
		___ftdiv
		___ftge
		___ftmul
		___ftneg
		___fttol
 This function is called by:
		_readJoystickState
 This function uses a non-reentrant model


 *************** function ___fttol *****************
 Defined at:
		line 44 in file "/Applications/microchip/xc8/v1.45/sources/common/fttol.c"
 Parameters:    Size  Location     Type
  f1              3    0[COMRAM] float 
 Auto vars:     Size  Location     Type
  lval            4   10[COMRAM] unsigned long 
  exp1            1   14[COMRAM] unsigned char 
  sign1           1    9[COMRAM] unsigned char 
 Return value:  Size  Location     Type
                  4    0[COMRAM] long 
 Registers used:
		wreg, status,2, status,0
 Tracked objects:
		On entry : 
		On exit  : 
		Unchanged: 
 Data sizes:     COMRAM   BANK0   BANK1   BANK2   BANK3   BANK4 BANK5hl  BANK5l  BANK6h BANK6lh BANK6ll   BANK7
      Params:         4       0       0       0       0       0       0       0       0       0       0       0
      Locals:         6       0       0       0       0       0       0       0       0       0       0       0
      Temps:          5       0       0       0       0       0       0       0       0       0       0       0
      Totals:        15       0       0       0       0       0       0       0       0       0       0       0
Total ram usage:       15 bytes
 Hardware stack levels used:    1
 This function calls:
		Nothing
 This function is called by:
		_readADC
 This function uses a non-reentrant model


 *************** function ___ftneg *****************
 Defined at:
		line 15 in file "/Applications/microchip/xc8/v1.45/sources/common/ftneg.c"
 Parameters:    Size  Location     Type
  f1              3    0[COMRAM] float 
 Auto vars:     Size  Location     Type
		None
 Return value:  Size  Location     Type
                  3    0[COMRAM] float 
 Registers used:
		wreg, status,2, status,0
 Tracked objects:
		On entry : 
		On exit  : 
		Unchanged: 
 Data sizes:     COMRAM   BANK0   BANK1   BANK2   BANK3   BANK4 BANK5hl  BANK5l  BANK6h BANK6lh BANK6ll   BANK7
      Params:         3       0       0       0       0       0       0       0       0       0       0       0
      Locals:         0       0       0       0       0       0       0       0       0       0       0       0
      Temps:          0       0       0       0       0       0       0       0       0       0       0       0
      Totals:         3       0       0       0       0       0       0       0       0       0       0       0
Total ram usage:        3 bytes
 Hardware stack levels used:    1
 This function calls:
		Nothing
 This function is called by:
		_readADC
 This function uses a non-reentrant model


 *************** function ___ftmul *****************
 Defined at:
		line 62 in file "/Applications/microchip/xc8/v1.45/sources/common/ftmul.c"
 Parameters:    Size  Location     Type
  f1              3   27[COMRAM] float 
  f2              3   30[COMRAM] float 
 Auto vars:     Size  Location     Type
  f3_as_produc    3   37[COMRAM] unsigned um
  sign            1   41[COMRAM] unsigned char 
  cntr            1   40[COMRAM] unsigned char 
  exp             1   36[COMRAM] unsigned char 
 Return value:  Size  Location     Type
                  3   27[COMRAM] float 
 Registers used:
		wreg, status,2, status,0, cstack
 Tracked objects:
		On entry : 
		On exit  : 
		Unchanged: 
 Data sizes:     COMRAM   BANK0   BANK1   BANK2   BANK3   BANK4 BANK5hl  BANK5l  BANK6h BANK6lh BANK6ll   BANK7
      Params:         6       0       0       0       0       0       0       0       0       0       0       0
      Locals:         6       0       0       0       0       0       0       0       0       0       0       0
      Temps:          3       0       0       0       0       0       0       0       0       0       0       0
      Totals:        15       0       0       0       0       0       0       0       0       0       0       0
Total ram usage:       15 bytes
 Hardware stack levels used:    1
 Hardware stack levels required when called:    1
 This function calls:
		___ftpack
 This function is called by:
		_readADC
 This function uses a non-reentrant model


 *************** function ___ftge *****************
 Defined at:
		line 4 in file "/Applications/microchip/xc8/v1.45/sources/common/ftge.c"
 Parameters:    Size  Location     Type
  ff1             3    0[COMRAM] float 
  ff2             3    3[COMRAM] float 
 Auto vars:     Size  Location     Type
		None
 Return value:  Size  Location     Type
		None               void
 Registers used:
		wreg, status,2, status,0
 Tracked objects:
		On entry : 
		On exit  : 
		Unchanged: 
 Data sizes:     COMRAM   BANK0   BANK1   BANK2   BANK3   BANK4 BANK5hl  BANK5l  BANK6h BANK6lh BANK6ll   BANK7
      Params:         6       0       0       0       0       0       0       0       0       0       0       0
      Locals:         0       0       0       0       0       0       0       0       0       0       0       0
      Temps:          3       0       0       0       0       0       0       0       0       0       0       0
      Totals:         9       0       0       0       0       0       0       0       0       0       0       0
Total ram usage:        9 bytes
 Hardware stack levels used:    1
 This function calls:
		Nothing
 This function is called by:
		_readADC
 This function uses a non-reentrant model


 *************** function ___ftdiv *****************
 Defined at:
		line 54 in file "/Applications/microchip/xc8/v1.45/sources/common/ftdiv.c"
 Parameters:    Size  Location     Type
  f1              3   12[COMRAM] float 
  f2              3   15[COMRAM] float 
 Auto vars:     Size  Location     Type
  f3              3   22[COMRAM] float 
  sign            1   26[COMRAM] unsigned char 
  exp             1   25[COMRAM] unsigned char 
  cntr            1   21[COMRAM] unsigned char 
 Return value:  Size  Location     Type
                  3   12[COMRAM] float 
 Registers used:
		wreg, status,2, status,0, cstack
 Tracked objects:
		On entry : 
		On exit  : 
		Unchanged: 
 Data sizes:     COMRAM   BANK0   BANK1   BANK2   BANK3   BANK4 BANK5hl  BANK5l  BANK6h BANK6lh BANK6ll   BANK7
      Params:         6       0       0       0       0       0       0       0       0       0       0       0
      Locals:         6       0       0       0       0       0       0       0       0       0       0       0
      Temps:          3       0       0       0       0       0       0       0       0       0       0       0
      Totals:        15       0       0       0       0       0       0       0       0       0       0       0
Total ram usage:       15 bytes
 Hardware stack levels used:    1
 Hardware stack levels required when called:    1
 This function calls:
		___ftpack
 This function is called by:
		_readADC
 This function uses a non-reentrant model


 *************** function ___ftadd *****************
 Defined at:
		line 86 in file "/Applications/microchip/xc8/v1.45/sources/common/ftadd.c"
 Parameters:    Size  Location     Type
  f1              3   42[COMRAM] float 
  f2              3   45[COMRAM] float 
 Auto vars:     Size  Location     Type
  exp1            1   53[COMRAM] unsigned char 
  exp2            1   52[COMRAM] unsigned char 
  sign            1   51[COMRAM] unsigned char 
 Return value:  Size  Location     Type
                  3   42[COMRAM] float 
 Registers used:
		wreg, status,2, status,0, cstack
 Tracked objects:
		On entry : 
		On exit  : 
		Unchanged: 
 Data sizes:     COMRAM   BANK0   BANK1   BANK2   BANK3   BANK4 BANK5hl  BANK5l  BANK6h BANK6lh BANK6ll   BANK7
      Params:         6       0       0       0       0       0       0       0       0       0       0       0
      Locals:         3       0       0       0       0       0       0       0       0       0       0       0
      Temps:          3       0       0       0       0       0       0       0       0       0       0       0
      Totals:        12       0       0       0       0       0       0       0       0       0       0       0
Total ram usage:       12 bytes
 Hardware stack levels used:    1
 Hardware stack levels required when called:    1
 This function calls:
		___ftpack
 This function is called by:
		_readADC
 This function uses a non-reentrant model


 *************** function ___awtoft *****************
 Defined at:
		line 32 in file "/Applications/microchip/xc8/v1.45/sources/common/awtoft.c"
 Parameters:    Size  Location     Type
  c               2    8[COMRAM] int 
 Auto vars:     Size  Location     Type
  sign            1   11[COMRAM] unsigned char 
 Return value:  Size  Location     Type
                  3    8[COMRAM] float 
 Registers used:
		wreg, status,2, status,0, cstack
 Tracked objects:
		On entry : 
		On exit  : 
		Unchanged: 
 Data sizes:     COMRAM   BANK0   BANK1   BANK2   BANK3   BANK4 BANK5hl  BANK5l  BANK6h BANK6lh BANK6ll   BANK7
      Params:         3       0       0       0       0       0       0       0       0       0       0       0
      Locals:         1       0       0       0       0       0       0       0       0       0       0       0
      Temps:          0       0       0       0       0       0       0       0       0       0       0       0
[...]
 Tracked objects:
		On entry : 
		On exit  : 
		Unchanged: 
 Data sizes:     COMRAM   BANK0   BANK1   BANK2   BANK3   BANK4 BANK5hl  BANK5l  BANK6h BANK6lh BANK6ll   BANK7
      Params:         0       0       0       0       0       0       0       0       0       0       0       0
      Locals:         0       0       0       0       0       0       0       0       0       0       0       0
      Temps:          2       0       0       0       0       0       0       0       0       0       0       0
      Totals:         2       0       0       0       0       0       0       0       0       0       0       0
Total ram usage:        2 bytes
 Hardware stack levels used:    1
 Hardware stack levels required when called:    1
 This function calls:
		_USBCheckHIDRequest_j1
		_USBCheckHIDRequest_j2
		_USBCheckHIDRequest_k1
 This function is called by:
		_USER_USB_CALLBACK_EVENT_HANDLER
 This function uses a non-reentrant model


 *************** function _USBCheckHIDRequest_k1 *****************
 Defined at:
		line 31 in file "../USB Stack/keyboard1_hid.c"
 Parameters:    Size  Location     Type
		None
 Auto vars:     Size  Location     Type
		None
 Return value:  Size  Location     Type
                  1    wreg      void 
 Registers used:
		wreg, status,2, status,0
 Tracked objects:
		On entry : 
		On exit  : 
		Unchanged: 
 Data sizes:     COMRAM   BANK0   BANK1   BANK2   BANK3   BANK4 BANK5hl  BANK5l  BANK6h BANK6lh BANK6ll   BANK7
      Params:         0       0       0       0       0       0       0       0       0       0       0       0
      Locals:         0       0       0       0       0       0       0       0       0       0       0       0
      Temps:          0       0       0       0       0       0       0       0       0       0       0       0
      Totals:         0       0       0       0       0       0       0       0       0       0       0       0
Total ram usage:        0 bytes
 Hardware stack levels used:    1
 This function calls:
		Nothing
 This function is called by:
		_USBCBCheckOtherReq
 This function uses a non-reentrant model


 *************** function _USBCheckHIDRequest_j2 *****************
 Defined at:
		line 31 in file "../USB Stack/joystick2_hid.c"
 Parameters:    Size  Location     Type
		None
 Auto vars:     Size  Location     Type
		None
 Return value:  Size  Location     Type
                  1    wreg      void 
 Registers used:
		wreg, status,2, status,0
 Tracked objects:
		On entry : 
		On exit  : 
		Unchanged: 
 Data sizes:     COMRAM   BANK0   BANK1   BANK2   BANK3   BANK4 BANK5hl  BANK5l  BANK6h BANK6lh BANK6ll   BANK7
      Params:         0       0       0       0       0       0       0       0       0       0       0       0
      Locals:         0       0       0       0       0       0       0       0       0       0       0       0
      Temps:          0       0       0       0       0       0       0       0       0       0       0       0
      Totals:         0       0       0       0       0       0       0       0       0       0       0       0
Total ram usage:        0 bytes
 Hardware stack levels used:    1
 This function calls:
		Nothing
 This function is called by:
		_USBCBCheckOtherReq
 This function uses a non-reentrant model


 *************** function _USBCheckHIDRequest_j1 *****************
 Defined at:
		line 31 in file "../USB Stack/joystick1_hid.c"
 Parameters:    Size  Location     Type
		None
 Auto vars:     Size  Location     Type
		None
 Return value:  Size  Location     Type
                  1    wreg      void 
 Registers used:
		wreg, status,2, status,0
 Tracked objects:
		On entry : 
		On exit  : 
		Unchanged: 
 Data sizes:     COMRAM   BANK0   BANK1   BANK2   BANK3   BANK4 BANK5hl  BANK5l  BANK6h BANK6lh BANK6ll   BANK7
      Params:         0       0       0       0       0       0       0       0       0       0       0       0
      Locals:         0       0       0       0       0       0       0       0       0       0       0       0
      Temps:          0       0       0       0       0       0       0       0       0       0       0       0
      Totals:         0       0       0       0       0       0       0       0       0       0       0       0
Total ram usage:        0 bytes
 Hardware stack levels used:    1
 This function calls:
		Nothing
 This function is called by:
		_USBCBCheckOtherReq
 This function uses a non-reentrant model


 *************** function _USBStdGetStatusHandler *****************
 Defined at:
		line 1829 in file "../USB Stack/usb_device.c"
 Parameters:    Size  Location     Type
		None
 Auto vars:     Size  Location     Type
  p               2    1[COMRAM] PTR struct __BDT
		 -> BDT(64), 
 Return value:  Size  Location     Type
                  1    wreg      void 
 Registers used:
		wreg, fsr2l, fsr2h, status,2, status,0, prodl, prodh
 Tracked objects:
		On entry : 
		On exit  : 
		Unchanged: 
 Data sizes:     COMRAM   BANK0   BANK1   BANK2   BANK3   BANK4 BANK5hl  BANK5l  BANK6h BANK6lh BANK6ll   BANK7
      Params:         0       0       0       0       0       0       0       0       0       0       0       0
      Locals:         2       0       0       0       0       0       0       0       0       0       0       0
      Temps:          1       0       0       0       0       0       0       0       0       0       0       0
      Totals:         3       0       0       0       0       0       0       0       0       0       0       0
Total ram usage:        3 bytes
 Hardware stack levels used:    1
 This function calls:
		Nothing
 This function is called by:
		_USBCheckStdRequest
 This function uses a non-reentrant model


 *************** function _USBStdGetDscHandler *****************
 Defined at:
		line 1767 in file "../USB Stack/usb_device.c"
 Parameters:    Size  Location     Type
		None
 Auto vars:     Size  Location     Type
		None
 Return value:  Size  Location     Type
                  1    wreg      void 
 Registers used:
		wreg, fsr1l, fsr1h, status,2, status,0, tblptrl, tblptrh, tblptru, prodl, prodh
 Tracked objects:
		On entry : 
		On exit  : 
		Unchanged: 
 Data sizes:     COMRAM   BANK0   BANK1   BANK2   BANK3   BANK4 BANK5hl  BANK5l  BANK6h BANK6lh BANK6ll   BANK7
      Params:         0       0       0       0       0       0       0       0       0       0       0       0
      Locals:         0       0       0       0       0       0       0       0       0       0       0       0
      Temps:          2       0       0       0       0       0       0       0       0       0       0       0
      Totals:         2       0       0       0       0       0       0       0       0       0       0       0
Total ram usage:        2 bytes
 Hardware stack levels used:    1
 This function calls:
		Nothing
 This function is called by:
		_USBCheckStdRequest
 This function uses a non-reentrant model


 *************** function _USBStdFeatureReqHandler *****************
 Defined at:
		line 1628 in file "../USB Stack/usb_device.c"
 Parameters:    Size  Location     Type
		None
 Auto vars:     Size  Location     Type
  p               2    3[COMRAM] PTR struct __BDT
		 -> BDT(64), 
  pUEP            2    1[COMRAM] PTR unsigned int 
		 -> UEP0(1), 
 Return value:  Size  Location     Type
                  1    wreg      void 
 Registers used:
		wreg, fsr2l, fsr2h, status,2, status,0, prodl, prodh
 Tracked objects:
		On entry : 
		On exit  : 
		Unchanged: 
 Data sizes:     COMRAM   BANK0   BANK1   BANK2   BANK3   BANK4 BANK5hl  BANK5l  BANK6h BANK6lh BANK6ll   BANK7
      Params:         0       0       0       0       0       0       0       0       0       0       0       0
      Locals:         4       0       0       0       0       0       0       0       0       0       0       0
      Temps:          1       0       0       0       0       0       0       0       0       0       0       0
      Totals:         5       0       0       0       0       0       0       0       0       0       0       0
Total ram usage:        5 bytes
 Hardware stack levels used:    1
 This function calls:
		Nothing
 This function is called by:
		_USBCheckStdRequest
 This function uses a non-reentrant model


 *************** function _USBCtrlTrfOutHandler *****************
 Defined at:
		line 1395 in file "../USB Stack/usb_device.c"
 Parameters:    Size  Location     Type
		None
 Auto vars:     Size  Location     Type
		None
 Return value:  Size  Location     Type
                  1    wreg      void 
 Registers used:
		wreg, fsr1l, fsr1h, fsr2l, fsr2h, status,2, status,0, prodl, prodh, cstack
 Tracked objects:
		On entry : 
		On exit  : 
		Unchanged: 
 Data sizes:     COMRAM   BANK0   BANK1   BANK2   BANK3   BANK4 BANK5hl  BANK5l  BANK6h BANK6lh BANK6ll   BANK7
      Params:         0       0       0       0       0       0       0       0       0       0       0       0
      Locals:         0       0       0       0       0       0       0       0       0       0       0       0
      Temps:          0       0       0       0       0       0       0       0       0       0       0       0
      Totals:         0       0       0       0       0       0       0       0       0       0       0       0
Total ram usage:        0 bytes
 Hardware stack levels used:    1
 Hardware stack levels required when called:    1
 This function calls:
		_USBCtrlTrfRxService
		_USBPrepareForNextSetupTrf
 This function is called by:
		_USBCtrlEPService
 This function uses a non-reentrant model


 *************** function _USBCtrlTrfRxService *****************
 Defined at:
		line 2156 in file "../USB Stack/usb_device.c"
 Parameters:    Size  Location     Type
		None
 Auto vars:     Size  Location     Type
  byteToRead      1    3[COMRAM] unsigned char 
  i               1    2[COMRAM] unsigned char 
 Return value:  Size  Location     Type
                  1    wreg      void 
 Registers used:
		wreg, fsr1l, fsr1h, fsr2l, fsr2h, status,2, status,0, prodl, prodh
 Tracked objects:
		On entry : 
		On exit  : 
		Unchanged: 
 Data sizes:     COMRAM   BANK0   BANK1   BANK2   BANK3   BANK4 BANK5hl  BANK5l  BANK6h BANK6lh BANK6ll   BANK7
      Params:         0       0       0       0       0       0       0       0       0       0       0       0
      Locals:         2       0       0       0       0       0       0       0       0       0       0       0
      Temps:          2       0       0       0       0       0       0       0       0       0       0       0
      Totals:         4       0       0       0       0       0       0       0       0       0       0       0
Total ram usage:        4 bytes
 Hardware stack levels used:    1
 This function calls:
		Nothing
 This function is called by:
		_USBCtrlTrfOutHandler
 This function uses a non-reentrant model


 *************** function _USBCtrlTrfInHandler *****************
 Defined at:
		line 1445 in file "../USB Stack/usb_device.c"
 Parameters:    Size  Location     Type
		None
 Auto vars:     Size  Location     Type
  lastDTS         1    4[COMRAM] unsigned char 
 Return value:  Size  Location     Type
                  1    wreg      void 
 Registers used:
		wreg, fsr1l, fsr1h, fsr2l, fsr2h, status,2, status,0, tblptrl, tblptrh, tblptru, cstack
 Tracked objects:
		On entry : 
		On exit  : 
		Unchanged: 
 Data sizes:     COMRAM   BANK0   BANK1   BANK2   BANK3   BANK4 BANK5hl  BANK5l  BANK6h BANK6lh BANK6ll   BANK7
      Params:         0       0       0       0       0       0       0       0       0       0       0       0
      Locals:         1       0       0       0       0       0       0       0       0       0       0       0
      Temps:          0       0       0       0       0       0       0       0       0       0       0       0
      Totals:         1       0       0       0       0       0       0       0       0       0       0       0
Total ram usage:        1 bytes
 Hardware stack levels used:    1
 Hardware stack levels required when called:    1
 This function calls:
		_USBCtrlTrfTxService
		_USBPrepareForNextSetupTrf
 This function is called by:
		_USBCtrlEPService
 This function uses a non-reentrant model


 *************** function _USBPrepareForNextSetupTrf *****************
 Defined at:
		line 1517 in file "../USB Stack/usb_device.c"
 Parameters:    Size  Location     Type
		None
 Auto vars:     Size  Location     Type
  p               2    0[COMRAM] PTR struct __BDT
		 -> RAM(2047), 
 Return value:  Size  Location     Type
                  1    wreg      void 
 Registers used:
		wreg, fsr2l, fsr2h, status,2, status,0
 Tracked objects:
		On entry : 
		On exit  : 
		Unchanged: 
 Data sizes:     COMRAM   BANK0   BANK1   BANK2   BANK3   BANK4 BANK5hl  BANK5l  BANK6h BANK6lh BANK6ll   BANK7
      Params:         0       0       0       0       0       0       0       0       0       0       0       0
      Locals:         2       0       0       0       0       0       0       0       0       0       0       0
      Temps:          0       0       0       0       0       0       0       0       0       0       0       0
      Totals:         2       0       0       0       0       0       0       0       0       0       0       0
Total ram usage:        2 bytes
 Hardware stack levels used:    1
 This function calls:
		Nothing
 This function is called by:
		_USBCtrlTrfOutHandler
		_USBCtrlTrfInHandler
 This function uses a non-reentrant model


 *************** function _USBCtrlTrfTxService *****************
 Defined at:
		line 2061 in file "../USB Stack/usb_device.c"
 Parameters:    Size  Location     Type
		None
 Auto vars:     Size  Location     Type
  byteToSend      2    2[COMRAM] struct .
 Return value:  Size  Location     Type
                  1    wreg      void 
 Registers used:
		wreg, fsr1l, fsr1h, fsr2l, fsr2h, status,2, status,0, tblptrl, tblptrh, tblptru
 Tracked objects:
		On entry : 
		On exit  : 
		Unchanged: 
 Data sizes:     COMRAM   BANK0   BANK1   BANK2   BANK3   BANK4 BANK5hl  BANK5l  BANK6h BANK6lh BANK6ll   BANK7
      Params:         0       0       0       0       0       0       0       0       0       0       0       0
      Locals:         2       0       0       0       0       0       0       0       0       0       0       0
      Temps:          2       0       0       0       0       0       0       0       0       0       0       0
      Totals:         4       0       0       0       0       0       0       0       0       0       0       0
Total ram usage:        4 bytes
 Hardware stack levels used:    1
 This function calls:
		Nothing
 This function is called by:
		_USBCtrlTrfInHandler
		_USBCtrlEPServiceComplete
 This function uses a non-reentrant model



MODULE INFORMATION

Module		Function		Class		Link	Load	Size
/Applications/microchip/xc8/v1.45/sources/common/float.c
		___ftpack      		CODE           	5E28	0000	175

/Applications/microchip/xc8/v1.45/sources/common/float.c estimated size: 175

../main.c
		_main          		CODE           	59CC	0000	119
		_initialise    		CODE           	5628	0000	11

../main.c estimated size: 130

/Applications/microchip/xc8/v1.45/sources/common/awtoft.c
		___awtoft      		CODE           	5764	0000	57

/Applications/microchip/xc8/v1.45/sources/common/awtoft.c estimated size: 57

../USB Stack/usb_device.c
		_USBCtrlTrfInHandler		CODE           	5AC2	0000	139
		_USBTransferOnePacket		CODE           	5D8C	0000	157
		_USBStdGetDscHandler		CODE           	6760	0000	237
		_USBStdFeatureReqHandler		CODE           	6B2A	0000	247
		_USBCtrlTrfSetupHandler		CODE           	58A6	0000	83
		_USBCtrlTrfOutHandler		CODE           	5854	0000	83
		_USBCtrlEPServiceComplete		CODE           	73E8	0000	419
		_USBSuspend    		CODE           	5632	0000	37
		_USBStdSetCfgHandler		CODE           	5960	0000	109
		_USBStdGetStatusHandler		CODE           	5CF8	0000	149
		_USBWakeFromSuspend		CODE           	567A	0000	43
		_USBCtrlTrfRxService		CODE           	6A34	0000	247
		_USBCtrlTrfTxService		CODE           	6C20	0000	279
		_USBEnableEndpoint		CODE           	579C	0000	61
		_USBConfigureEndpoint		CODE           	5B4C	0000	139
		_USBDeviceInit 		CODE           	5C66	0000	147
		_USBPrepareForNextSetupTrf		CODE           	56FE	0000	49
		_USBCtrlEPService		CODE           	5F8C	0000	199
		_USBStallHandler		CODE           	572E	0000	55
		_USBDeviceTasks		CODE           	6D36	0000	305
		_USBCheckStdRequest		CODE           	6052	0000	217

../USB Stack/usb_device.c estimated size: 3401

/Applications/microchip/xc8/v1.45/sources/common/memset.c
		_memset        		CODE           	56A4	0000	45

/Applications/microchip/xc8/v1.45/sources/common/memset.c estimated size: 45

/Applications/microchip/xc8/v1.45/sources/common/ftmul.c
		___ftmul       		CODE           	684C	0000	245

/Applications/microchip/xc8/v1.45/sources/common/ftmul.c estimated size: 245

/Applications/microchip/xc8/v1.45/sources/common/ftdiv.c
		___ftdiv       		CODE           	64AA	0000	231

/Applications/microchip/xc8/v1.45/sources/common/ftdiv.c estimated size: 231

../USB Stack/joystick2_hid.c
		_USBCheckHIDRequest_j2		CODE           	6208	0000	223

../USB Stack/joystick2_hid.c estimated size: 223

/Applications/microchip/xc8/v1.45/sources/common/fttol.c
		___fttol       		CODE           	6940	0000	245

/Applications/microchip/xc8/v1.45/sources/common/fttol.c estimated size: 245

/Applications/microchip/xc8/v1.45/sources/common/ftge.c
		___ftge        		CODE           	5BD6	0000	145

/Applications/microchip/xc8/v1.45/sources/common/ftge.c estimated size: 145

/Applications/microchip/xc8/v1.45/sources/common/ftadd.c
		___ftadd       		CODE           	758A	0000	429

/Applications/microchip/xc8/v1.45/sources/common/ftadd.c estimated size: 429

../USB Stack/joystick1_hid.c
		_USBCheckHIDRequest_j1		CODE           	612A	0000	223

../USB Stack/joystick1_hid.c estimated size: 223

../keyboard.c
		_keyboardBlocking		CODE           	5ED6	0000	183
		_initialiseKeyboard		CODE           	58F8	0000	105
		_debounceKeyboard		CODE           	6E66	0000	329
		_readKeyboardState		CODE           	7108	0000	347
		_processKeyboard		CODE           	6FAE	0000	347

../keyboard.c estimated size: 1311

shared
		_configDescriptor1		MEDIUMCONST    	7E12	0000	106
		_USB_CD_Ptr    		MEDIUMCONST    	7E10	0000	3
		_sd001         		MEDIUMCONST    	7FD2	0000	23
		_keymap        		MEDIUMCONST    	7DC3	0000	66
		_sd002         		MEDIUMCONST    	7F96	0000	35
		_sd003         		MEDIUMCONST    	7F72	0000	37
		__initialization		CODE           	56D0	0000	37
		_device_dsc    		MEDIUMCONST    	7FE8	0000	19
		_sd004         		MEDIUMCONST    	7F4E	0000	37
		_sd005         		MEDIUMCONST    	7FB8	0000	27
		_USB_SD_Ptr    		MEDIUMCONST    	7E04	0000	13
		_hid_rpt01_j1  		MEDIUMCONST    	7EC5	0000	75
		_hid_rpt01_k1  		MEDIUMCONST    	7F0F	0000	64
		_hid_rpt01_j2  		MEDIUMCONST    	7E7B	0000	75
		_sd000         		MEDIUMCONST    	7FFA	0000	5

shared estimated size: 622

../usb_callback.c
		_USBCBErrorHandler		CODE           	561E	0000	3
		_USBCBWakeFromSuspend		CODE           	5624	0000	3
		_USER_USB_CALLBACK_EVENT_HANDLER		CODE           	5A42	0000	129
		_USBCBStdSetDscHandler		CODE           	5620	0000	3
		_USBCBInitEP   		CODE           	5816	0000	63
		_USBCB_SOF_Handler		CODE           	5626	0000	3
		_USBCBSuspend  		CODE           	5622	0000	3
		_USBCBCheckOtherReq		CODE           	57D8	0000	63

../usb_callback.c estimated size: 270

/Applications/microchip/xc8/v1.45/sources/common/ftneg.c
		___ftneg       		CODE           	5656	0000	37

/Applications/microchip/xc8/v1.45/sources/common/ftneg.c estimated size: 37

../USB Stack/keyboard1_hid.c
		_USBCheckHIDRequest_k1		CODE           	62E6	0000	225

../USB Stack/keyboard1_hid.c estimated size: 225

../joystick.c
		_initialiseJoysticks		CODE           	63C6	0000	229
		_processJoystick_j1		CODE           	6590	0000	233
		_processJoystick_j2		CODE           	6678	0000	233
		_readJoystickState		CODE           	7736	0000	1677
		_readADC       		CODE           	7262	0000	391

../joystick.c estimated size: 2763

